#! /usr/bin/env bash
exec /home/juan-diego/miniconda3/envs/digital/bin/vvp -f "$0" "$@" <<'# EOF'
:ivl_version "13.0 (devel)" "(0_8-6859-gf50cc35d2-dirty)";
:ivl_delay_selection "TYPICAL";
:vpi_time_precision - 12;
:vpi_module "/home/juan-diego/miniconda3/envs/digital/lib/ivl/system.vpi";
:vpi_module "/home/juan-diego/miniconda3/envs/digital/lib/ivl/vhdl_sys.vpi";
:vpi_module "/home/juan-diego/miniconda3/envs/digital/lib/ivl/vhdl_textio.vpi";
:vpi_module "/home/juan-diego/miniconda3/envs/digital/lib/ivl/v2005_math.vpi";
:vpi_module "/home/juan-diego/miniconda3/envs/digital/lib/ivl/va_math.vpi";
S_0x34c8e0a0 .scope module, "tb_TOP_I2C" "tb_TOP_I2C" 2 3;
 .timescale -9 -12;
P_0x34c08870 .param/l "CLK_FREQ_HZ" 1 2 5, +C4<00000000100110001001011010000000>;
P_0x34c088b0 .param/l "CLK_PERIOD" 1 2 7, +C4<00000000000000000000000001100100>;
P_0x34c088f0 .param/l "I2C_FREQ_HZ" 1 2 6, +C4<00000000000011110100001001000000>;
v0x34cd0080_0 .net "SCL", 0 0, v0x34ccb140_0;  1 drivers
L_0x34c2fe80 .functor BUFT 1, C8<551>, C4<0>, C4<0>, C4<0>;
RS_0x7c1f5d1d0158 .resolv tri1, L_0x34cd1480, L_0x34c2fe80, L_0x34cd15c0;
v0x34cd0190_0 .net8 "SDA", 0 0, RS_0x7c1f5d1d0158;  3 drivers, strength-aware
L_0x7c1f5d186018 .functor BUFT 1, C4<0>, C4<0>, C4<0>, C4<0>;
v0x34cd0250_0 .net/2u *"_ivl_0", 0 0, L_0x7c1f5d186018;  1 drivers
o0x7c1f5d1d04e8 .functor BUFZ 1, C4<z>; HiZ drive
; Elide local net with no drivers, v0x34cd02f0_0 name=_ivl_2
v0x34cd03b0_0 .net "ack_error", 0 0, v0x34ccbf20_0;  1 drivers
v0x34cd04f0_0 .var/i "bit_cnt", 31 0;
v0x34cd05d0_0 .net "busy", 0 0, v0x34ccbfe0_0;  1 drivers
v0x34cd06c0_0 .net "byte_done", 0 0, v0x34ccc080_0;  1 drivers
v0x34cd07b0_0 .var "bytes_enviados_master", 7 0;
v0x34cd0890_0 .var "bytes_recibidos_master", 7 0;
v0x34cd0970_0 .var "clk", 0 0;
v0x34cd0a10_0 .var "data_to_master", 7 0;
v0x34cd0af0_0 .net "done", 0 0, v0x34ccc370_0;  1 drivers
v0x34cd0b90_0 .var "frame_idx", 7 0;
v0x34cd0c70_0 .var "num_bytes", 7 0;
v0x34cd0d80_0 .var "rst", 0 0;
v0x34cd0e20_0 .var "rw", 0 0;
v0x34cd0f10_0 .net "rx_data", 7 0, L_0x34c85bc0;  1 drivers
v0x34cd1020_0 .var "shift_reg_esclavo", 7 0;
v0x34cd1100_0 .var "slave_drive_low", 0 0;
v0x34cd11c0_0 .var "slave_rw", 0 0;
v0x34cd1280_0 .var "start", 0 0;
v0x34cd1370_0 .var "tx_byte", 7 0;
E_0x34c40800 .event posedge, v0x34ccc370_0;
E_0x34c403d0 .event posedge, v0x34ccc080_0;
E_0x34c408a0 .event negedge, v0x34ccb140_0;
E_0x34c2ae70 .event posedge, v0x34ccb140_0;
E_0x34cae310 .event posedge, v0x34c8df00_0, v0x34cccd40_0;
L_0x34cd1480 .functor MUXZ 1, o0x7c1f5d1d04e8, L_0x7c1f5d186018, v0x34cd1100_0, C4<>;
S_0x34caf320 .scope begin, "FRAME_DIRECCION" "FRAME_DIRECCION" 2 103, 2 103 0, S_0x34c8e0a0;
 .timescale -9 -12;
S_0x34c421f0 .scope begin, "FRAME_ESCRITURA" "FRAME_ESCRITURA" 2 108, 2 108 0, S_0x34c8e0a0;
 .timescale -9 -12;
S_0x34c42380 .scope begin, "FRAME_LECTURA_ACK" "FRAME_LECTURA_ACK" 2 112, 2 112 0, S_0x34c8e0a0;
 .timescale -9 -12;
S_0x34c42510 .scope task, "aplicar_reset" "aplicar_reset" 2 57, 2 57 0, S_0x34c8e0a0;
 .timescale -9 -12;
TD_tb_TOP_I2C.aplicar_reset ;
    %pushi/vec4 1, 0, 1;
    %store/vec4 v0x34cd0d80_0, 0, 1;
    %pushi/vec4 0, 0, 1;
    %store/vec4 v0x34cd1280_0, 0, 1;
    %pushi/vec4 0, 0, 1;
    %store/vec4 v0x34cd0e20_0, 0, 1;
    %pushi/vec4 0, 0, 8;
    %store/vec4 v0x34cd1370_0, 0, 8;
    %pushi/vec4 0, 0, 8;
    %store/vec4 v0x34cd0c70_0, 0, 8;
    %pushi/vec4 0, 0, 1;
    %store/vec4 v0x34cd1100_0, 0, 1;
    %pushi/vec4 0, 0, 8;
    %store/vec4 v0x34cd07b0_0, 0, 8;
    %pushi/vec4 0, 0, 8;
    %store/vec4 v0x34cd0890_0, 0, 8;
    %delay 500000, 0;
    %pushi/vec4 0, 0, 1;
    %store/vec4 v0x34cd0d80_0, 0, 1;
    %delay 200000, 0;
    %end;
S_0x34c45610 .scope module, "uut" "TOP_I2C" 2 38, 3 1 0, S_0x34c8e0a0;
 .timescale -9 -12;
    .port_info 0 /INPUT 1 "clk";
    .port_info 1 /INPUT 1 "rst";
    .port_info 2 /INPUT 1 "start";
    .port_info 3 /INPUT 1 "rw";
    .port_info 4 /INPUT 8 "tx_byte";
    .port_info 5 /INPUT 8 "num_bytes";
    .port_info 6 /OUTPUT 8 "rx_data";
    .port_info 7 /OUTPUT 1 "busy";
    .port_info 8 /OUTPUT 1 "done";
    .port_info 9 /OUTPUT 1 "ack_error";
    .port_info 10 /OUTPUT 1 "byte_done";
    .port_info 11 /INOUT 1 "SDA";
    .port_info 12 /OUTPUT 1 "SCL";
P_0x34caa300 .param/l "CLK_FREQ_HZ" 0 3 2, +C4<00000000100110001001011010000000>;
P_0x34caa340 .param/l "I2C_FREQ_HZ" 0 3 3, +C4<00000000000011110100001001000000>;
L_0x34c2fef0 .functor BUFZ 1, RS_0x7c1f5d1d0158, C4<0>, C4<0>, C4<0>;
L_0x34c94d20 .functor NOT 1, L_0x34cd1890, C4<0>, C4<0>, C4<0>;
v0x34cce180_0 .net "SCL", 0 0, v0x34ccb140_0;  alias, 1 drivers
v0x34cce270_0 .net8 "SDA", 0 0, RS_0x7c1f5d1d0158;  alias, 3 drivers, strength-aware
L_0x7c1f5d186060 .functor BUFT 1, C4<0>, C4<0>, C4<0>, C4<0>;
v0x34cce310_0 .net/2u *"_ivl_0", 0 0, L_0x7c1f5d186060;  1 drivers
o0x7c1f5d1d01b8 .functor BUFZ 1, C4<z>; HiZ drive
; Elide local net with no drivers, v0x34cce400_0 name=_ivl_2
v0x34cce4e0_0 .net *"_ivl_8", 0 0, L_0x34c94d20;  1 drivers
v0x34cce5c0_0 .net "ack_error", 0 0, v0x34ccbf20_0;  alias, 1 drivers
v0x34cce660_0 .net "bit_value", 2 0, L_0x34cad9d0;  1 drivers
v0x34cce730_0 .net "busy", 0 0, v0x34ccbfe0_0;  alias, 1 drivers
v0x34cce800_0 .net "byte_done", 0 0, v0x34ccc080_0;  alias, 1 drivers
v0x34cce8d0_0 .net "byte_value", 7 0, L_0x34cae170;  1 drivers
v0x34cce9a0_0 .net "clk", 0 0, v0x34cd0970_0;  1 drivers
v0x34ccea40_0 .net "dec_bit_counter", 0 0, v0x34ccc230_0;  1 drivers
v0x34cceae0_0 .net "dec_byte_counter", 0 0, v0x34ccc2d0_0;  1 drivers
v0x34cceb80_0 .net "done", 0 0, v0x34ccc370_0;  alias, 1 drivers
v0x34ccec20_0 .net "drive_low", 0 0, L_0x34cd16b0;  1 drivers
v0x34ccecc0_0 .net "drive_low_fsm", 0 0, v0x34ccc410_0;  1 drivers
v0x34cced60_0 .net "drive_sel", 0 0, v0x34ccc4b0_0;  1 drivers
v0x34ccee30_0 .net "load_bit_counter", 0 0, v0x34ccc570_0;  1 drivers
v0x34ccef20_0 .net "load_byte_counter", 0 0, v0x34ccc640_0;  1 drivers
v0x34ccf010_0 .net "load_shift", 0 0, v0x34ccc710_0;  1 drivers
v0x34ccf100_0 .net "num_bytes", 7 0, v0x34cd0c70_0;  1 drivers
v0x34ccf1a0_0 .net "rst", 0 0, v0x34cd0d80_0;  1 drivers
v0x34ccf240_0 .net "rw", 0 0, v0x34cd0e20_0;  1 drivers
v0x34ccf2e0_0 .net "rx_data", 7 0, L_0x34c85bc0;  alias, 1 drivers
v0x34ccf380_0 .net "scl_enable", 0 0, v0x34ccc8f0_0;  1 drivers
v0x34ccf470_0 .net "scl_fall", 0 0, v0x34ccb250_0;  1 drivers
v0x34ccf560_0 .net "scl_rise", 0 0, v0x34ccb310_0;  1 drivers
v0x34ccf650_0 .net "sda_in", 0 0, L_0x34c2fef0;  1 drivers
v0x34ccf740_0 .net "shift_rx", 0 0, v0x34cccc00_0;  1 drivers
v0x34ccf830_0 .net "shift_tx", 0 0, v0x34cccca0_0;  1 drivers
v0x34ccf920_0 .net "start", 0 0, v0x34cd1280_0;  1 drivers
v0x34ccf9c0_0 .net "store_rx", 0 0, v0x34ccce00_0;  1 drivers
v0x34ccfab0_0 .net "tx_bit", 0 0, L_0x34cd1890;  1 drivers
v0x34ccfd60_0 .net "tx_byte", 7 0, v0x34cd1370_0;  1 drivers
v0x34ccfe00_0 .net "z_bits", 0 0, L_0x34cd1930;  1 drivers
v0x34ccfef0_0 .net "z_bytes", 0 0, L_0x34cd1ac0;  1 drivers
L_0x34cd15c0 .functor MUXZ 1, o0x7c1f5d1d01b8, L_0x7c1f5d186060, L_0x34cd16b0, C4<>;
L_0x34cd16b0 .functor MUXZ 1, L_0x34c94d20, v0x34ccc410_0, v0x34ccc4b0_0, C4<>;
S_0x34c61b30 .scope module, "BIT_COUNTER" "CONTADOR_BITS" 3 83, 4 1 0, S_0x34c45610;
 .timescale 0 0;
    .port_info 0 /INPUT 1 "clk";
    .port_info 1 /INPUT 1 "rst";
    .port_info 2 /INPUT 1 "load";
    .port_info 3 /INPUT 1 "dec";
    .port_info 4 /OUTPUT 1 "z_bits";
    .port_info 5 /OUTPUT 3 "value";
L_0x34cad9d0 .functor BUFZ 3, v0x34c90490_0, C4<000>, C4<000>, C4<000>;
L_0x7c1f5d1860a8 .functor BUFT 1, C4<000>, C4<0>, C4<0>, C4<0>;
v0x34c97fb0_0 .net/2u *"_ivl_0", 2 0, L_0x7c1f5d1860a8;  1 drivers
v0x34c903c0_0 .net "clk", 0 0, v0x34cd0970_0;  alias, 1 drivers
v0x34c90490_0 .var "count", 2 0;
v0x34c94e70_0 .net "dec", 0 0, v0x34ccc230_0;  alias, 1 drivers
v0x34c94f40_0 .net "load", 0 0, v0x34ccc570_0;  alias, 1 drivers
v0x34c8df00_0 .net "rst", 0 0, v0x34cd0d80_0;  alias, 1 drivers
v0x34c8d270_0 .net "value", 2 0, L_0x34cad9d0;  alias, 1 drivers
v0x34cc9e10_0 .net "z_bits", 0 0, L_0x34cd1930;  alias, 1 drivers
E_0x34c94570 .event posedge, v0x34c8df00_0, v0x34c903c0_0;
L_0x34cd1930 .cmp/eq 3, v0x34c90490_0, L_0x7c1f5d1860a8;
S_0x34cc9f90 .scope module, "BYTE_COUNTER" "CONTADOR_BYTES" 3 92, 5 1 0, S_0x34c45610;
 .timescale 0 0;
    .port_info 0 /INPUT 1 "clk";
    .port_info 1 /INPUT 1 "rst";
    .port_info 2 /INPUT 1 "load";
    .port_info 3 /INPUT 1 "dec";
    .port_info 4 /INPUT 8 "num_bytes";
    .port_info 5 /OUTPUT 1 "z_bytes";
    .port_info 6 /OUTPUT 8 "value";
L_0x34cae170 .functor BUFZ 8, v0x34cca330_0, C4<00000000>, C4<00000000>, C4<00000000>;
L_0x7c1f5d1860f0 .functor BUFT 1, C4<00000000>, C4<0>, C4<0>, C4<0>;
v0x34cca190_0 .net/2u *"_ivl_0", 7 0, L_0x7c1f5d1860f0;  1 drivers
v0x34cca270_0 .net "clk", 0 0, v0x34cd0970_0;  alias, 1 drivers
v0x34cca330_0 .var "count", 7 0;
v0x34cca3d0_0 .net "dec", 0 0, v0x34ccc2d0_0;  alias, 1 drivers
v0x34cca470_0 .net "load", 0 0, v0x34ccc640_0;  alias, 1 drivers
v0x34cca580_0 .net "num_bytes", 7 0, v0x34cd0c70_0;  alias, 1 drivers
v0x34cca660_0 .net "rst", 0 0, v0x34cd0d80_0;  alias, 1 drivers
v0x34cca700_0 .net "value", 7 0, L_0x34cae170;  alias, 1 drivers
v0x34cca7c0_0 .net "z_bytes", 0 0, L_0x34cd1ac0;  alias, 1 drivers
L_0x34cd1ac0 .cmp/eq 8, v0x34cca330_0, L_0x7c1f5d1860f0;
S_0x34cca960 .scope module, "CLOCK_GEN" "I2C_CLOCK_GENERATOR" 3 60, 6 1 0, S_0x34c45610;
 .timescale 0 0;
    .port_info 0 /INPUT 1 "clk";
    .port_info 1 /INPUT 1 "rst";
    .port_info 2 /INPUT 1 "enable";
    .port_info 3 /OUTPUT 1 "scl";
    .port_info 4 /OUTPUT 1 "scl_rise";
    .port_info 5 /OUTPUT 1 "scl_fall";
P_0x34c2ffd0 .param/l "CLK_FREQ_HZ" 0 6 2, +C4<00000000100110001001011010000000>;
P_0x34c30010 .param/l "COUNTER_WIDTH" 1 6 17, +C4<00000000000000000000000000000011>;
P_0x34c30050 .param/l "HALF_PERIOD" 1 6 15, +C4<0000000000000000000000000000000000000000000000000000000000000101>;
P_0x34c30090 .param/l "I2C_FREQ_HZ" 0 6 3, +C4<00000000000011110100001001000000>;
v0x34ccade0_0 .net "clk", 0 0, v0x34cd0970_0;  alias, 1 drivers
v0x34ccaed0_0 .var "counter", 2 0;
v0x34ccafb0_0 .net "enable", 0 0, v0x34ccc8f0_0;  alias, 1 drivers
v0x34ccb050_0 .net "rst", 0 0, v0x34cd0d80_0;  alias, 1 drivers
v0x34ccb140_0 .var "scl", 0 0;
v0x34ccb250_0 .var "scl_fall", 0 0;
v0x34ccb310_0 .var "scl_rise", 0 0;
S_0x34ccb490 .scope module, "CONTROL" "CONTROL_I2C" 3 102, 7 223 0, S_0x34c45610;
 .timescale 0 0;
    .port_info 0 /INPUT 1 "clk";
    .port_info 1 /INPUT 1 "rst";
    .port_info 2 /INPUT 1 "start";
    .port_info 3 /INPUT 1 "rw";
    .port_info 4 /INPUT 1 "scl_rise";
    .port_info 5 /INPUT 1 "scl_fall";
    .port_info 6 /INPUT 1 "z_bits";
    .port_info 7 /INPUT 1 "z_bytes";
    .port_info 8 /INPUT 1 "sda_in";
    .port_info 9 /OUTPUT 1 "scl_enable";
    .port_info 10 /OUTPUT 1 "drive_sel";
    .port_info 11 /OUTPUT 1 "drive_low_fsm";
    .port_info 12 /OUTPUT 1 "load_shift";
    .port_info 13 /OUTPUT 1 "shift_tx";
    .port_info 14 /OUTPUT 1 "shift_rx";
    .port_info 15 /OUTPUT 1 "store_rx";
    .port_info 16 /OUTPUT 1 "load_bit_counter";
    .port_info 17 /OUTPUT 1 "dec_bit_counter";
    .port_info 18 /OUTPUT 1 "load_byte_counter";
    .port_info 19 /OUTPUT 1 "dec_byte_counter";
    .port_info 20 /OUTPUT 1 "busy";
    .port_info 21 /OUTPUT 1 "done";
    .port_info 22 /OUTPUT 1 "ack_error";
    .port_info 23 /OUTPUT 1 "byte_done";
P_0x34c81da0 .param/l "S_BYTE_DONE" 0 7 259, C4<01000000>;
P_0x34c81de0 .param/l "S_IDLE" 0 7 253, C4<00000001>;
P_0x34c81e20 .param/l "S_RX_ACK" 0 7 256, C4<00001000>;
P_0x34c81e60 .param/l "S_RX_DATA" 0 7 257, C4<00010000>;
P_0x34c81ea0 .param/l "S_START" 0 7 254, C4<00000010>;
P_0x34c81ee0 .param/l "S_STOP" 0 7 260, C4<10000000>;
P_0x34c81f20 .param/l "S_TX_ACK" 0 7 258, C4<00100000>;
P_0x34c81f60 .param/l "S_TX_DATA" 0 7 255, C4<00000100>;
v0x34ccbe20_0 .var "NEXT_STATE", 7 0;
v0x34ccbf20_0 .var "ack_error", 0 0;
v0x34ccbfe0_0 .var "busy", 0 0;
v0x34ccc080_0 .var "byte_done", 0 0;
v0x34ccc140_0 .net "clk", 0 0, v0x34cd0970_0;  alias, 1 drivers
v0x34ccc230_0 .var "dec_bit_counter", 0 0;
v0x34ccc2d0_0 .var "dec_byte_counter", 0 0;
v0x34ccc370_0 .var "done", 0 0;
v0x34ccc410_0 .var "drive_low_fsm", 0 0;
v0x34ccc4b0_0 .var "drive_sel", 0 0;
v0x34ccc570_0 .var "load_bit_counter", 0 0;
v0x34ccc640_0 .var "load_byte_counter", 0 0;
v0x34ccc710_0 .var "load_shift", 0 0;
v0x34ccc7b0_0 .net "rst", 0 0, v0x34cd0d80_0;  alias, 1 drivers
v0x34ccc850_0 .net "rw", 0 0, v0x34cd0e20_0;  alias, 1 drivers
v0x34ccc8f0_0 .var "scl_enable", 0 0;
v0x34ccc9c0_0 .net "scl_fall", 0 0, v0x34ccb250_0;  alias, 1 drivers
v0x34ccca90_0 .net "scl_rise", 0 0, v0x34ccb310_0;  alias, 1 drivers
v0x34cccb60_0 .net "sda_in", 0 0, L_0x34c2fef0;  alias, 1 drivers
v0x34cccc00_0 .var "shift_rx", 0 0;
v0x34cccca0_0 .var "shift_tx", 0 0;
v0x34cccd40_0 .net "start", 0 0, v0x34cd1280_0;  alias, 1 drivers
v0x34ccce00_0 .var "store_rx", 0 0;
v0x34cccec0_0 .net "z_bits", 0 0, L_0x34cd1930;  alias, 1 drivers
v0x34cccf90_0 .net "z_bytes", 0 0, L_0x34cd1ac0;  alias, 1 drivers
E_0x34cae270/0 .event anyedge, v0x34ccbe20_0, v0x34ccb250_0, v0x34ccb310_0, v0x34cca7c0_0;
E_0x34cae270/1 .event anyedge, v0x34ccc850_0;
E_0x34cae270 .event/or E_0x34cae270/0, E_0x34cae270/1;
S_0x34ccd3f0 .scope module, "SHIFT" "SHIFT_REGISTER" 3 70, 8 1 0, S_0x34c45610;
 .timescale 0 0;
    .port_info 0 /INPUT 1 "clk";
    .port_info 1 /INPUT 1 "rst";
    .port_info 2 /INPUT 1 "load";
    .port_info 3 /INPUT 1 "shift_tx";
    .port_info 4 /INPUT 1 "shift_rx";
    .port_info 5 /INPUT 1 "store_rx";
    .port_info 6 /INPUT 8 "tx_byte";
    .port_info 7 /INPUT 1 "sda_in";
    .port_info 8 /OUTPUT 1 "tx_bit";
    .port_info 9 /OUTPUT 8 "rx_data";
L_0x34c85bc0 .functor BUFZ 8, v0x34ccda10_0, C4<00000000>, C4<00000000>, C4<00000000>;
v0x34ccd720_0 .net "clk", 0 0, v0x34cd0970_0;  alias, 1 drivers
v0x34ccd7e0_0 .net "load", 0 0, v0x34ccc710_0;  alias, 1 drivers
v0x34ccd8a0_0 .net "rst", 0 0, v0x34cd0d80_0;  alias, 1 drivers
v0x34ccd970_0 .net "rx_data", 7 0, L_0x34c85bc0;  alias, 1 drivers
v0x34ccda10_0 .var "rx_reg", 7 0;
v0x34ccdad0_0 .net "sda_in", 0 0, L_0x34c2fef0;  alias, 1 drivers
v0x34ccdb70_0 .var "shift_reg", 7 0;
v0x34ccdc30_0 .net "shift_rx", 0 0, v0x34cccc00_0;  alias, 1 drivers
v0x34ccdd00_0 .net "shift_tx", 0 0, v0x34cccca0_0;  alias, 1 drivers
v0x34ccddd0_0 .net "store_rx", 0 0, v0x34ccce00_0;  alias, 1 drivers
v0x34ccdea0_0 .net "tx_bit", 0 0, L_0x34cd1890;  alias, 1 drivers
v0x34ccdf40_0 .net "tx_byte", 7 0, v0x34cd1370_0;  alias, 1 drivers
L_0x34cd1890 .part v0x34ccdb70_0, 7, 1;
    .scope S_0x34cca960;
T_1 ;
    %wait E_0x34c94570;
    %load/vec4 v0x34ccb050_0;
    %flag_set/vec4 8;
    %jmp/0xz  T_1.0, 8;
    %pushi/vec4 0, 0, 3;
    %assign/vec4 v0x34ccaed0_0, 0;
    %pushi/vec4 1, 0, 1;
    %assign/vec4 v0x34ccb140_0, 0;
    %pushi/vec4 0, 0, 1;
    %assign/vec4 v0x34ccb310_0, 0;
    %pushi/vec4 0, 0, 1;
    %assign/vec4 v0x34ccb250_0, 0;
    %jmp T_1.1;
T_1.0 ;
    %load/vec4 v0x34ccafb0_0;
    %nor/r;
    %flag_set/vec4 8;
    %jmp/0xz  T_1.2, 8;
    %pushi/vec4 0, 0, 3;
    %assign/vec4 v0x34ccaed0_0, 0;
    %pushi/vec4 1, 0, 1;
    %assign/vec4 v0x34ccb140_0, 0;
    %pushi/vec4 0, 0, 1;
    %assign/vec4 v0x34ccb310_0, 0;
    %pushi/vec4 0, 0, 1;
    %assign/vec4 v0x34ccb250_0, 0;
    %jmp T_1.3;
T_1.2 ;
    %load/vec4 v0x34ccaed0_0;
    %pad/u 64;
    %cmpi/e 4, 0, 64;
    %jmp/0xz  T_1.4, 4;
    %pushi/vec4 0, 0, 3;
    %assign/vec4 v0x34ccaed0_0, 0;
    %load/vec4 v0x34ccb140_0;
    %inv;
    %assign/vec4 v0x34ccb140_0, 0;
    %load/vec4 v0x34ccb140_0;
    %inv;
    %assign/vec4 v0x34ccb310_0, 0;
    %load/vec4 v0x34ccb140_0;
    %assign/vec4 v0x34ccb250_0, 0;
    %jmp T_1.5;
T_1.4 ;
    %load/vec4 v0x34ccaed0_0;
    %addi 1, 0, 3;
    %assign/vec4 v0x34ccaed0_0, 0;
    %pushi/vec4 0, 0, 1;
    %assign/vec4 v0x34ccb310_0, 0;
    %pushi/vec4 0, 0, 1;
    %assign/vec4 v0x34ccb250_0, 0;
T_1.5 ;
T_1.3 ;
T_1.1 ;
    %jmp T_1;
    .thread T_1;
    .scope S_0x34ccd3f0;
T_2 ;
    %wait E_0x34c94570;
    %load/vec4 v0x34ccd8a0_0;
    %flag_set/vec4 8;
    %jmp/0xz  T_2.0, 8;
    %pushi/vec4 0, 0, 8;
    %assign/vec4 v0x34ccdb70_0, 0;
    %jmp T_2.1;
T_2.0 ;
    %load/vec4 v0x34ccd7e0_0;
    %flag_set/vec4 8;
    %jmp/0xz  T_2.2, 8;
    %load/vec4 v0x34ccdf40_0;
    %assign/vec4 v0x34ccdb70_0, 0;
    %jmp T_2.3;
T_2.2 ;
    %load/vec4 v0x34ccdd00_0;
    %flag_set/vec4 8;
    %jmp/0xz  T_2.4, 8;
    %load/vec4 v0x34ccdb70_0;
    %parti/s 7, 0, 2;
    %concati/vec4 0, 0, 1;
    %assign/vec4 v0x34ccdb70_0, 0;
    %jmp T_2.5;
T_2.4 ;
    %load/vec4 v0x34ccdc30_0;
    %flag_set/vec4 8;
    %jmp/0xz  T_2.6, 8;
    %load/vec4 v0x34ccdb70_0;
    %parti/s 7, 0, 2;
    %load/vec4 v0x34ccdad0_0;
    %concat/vec4; draw_concat_vec4
    %assign/vec4 v0x34ccdb70_0, 0;
T_2.6 ;
T_2.5 ;
T_2.3 ;
T_2.1 ;
    %jmp T_2;
    .thread T_2;
    .scope S_0x34ccd3f0;
T_3 ;
    %wait E_0x34c94570;
    %load/vec4 v0x34ccd8a0_0;
    %flag_set/vec4 8;
    %jmp/0xz  T_3.0, 8;
    %pushi/vec4 0, 0, 8;
    %assign/vec4 v0x34ccda10_0, 0;
    %jmp T_3.1;
T_3.0 ;
    %load/vec4 v0x34ccddd0_0;
    %flag_set/vec4 8;
    %jmp/0xz  T_3.2, 8;
    %load/vec4 v0x34ccdb70_0;
    %assign/vec4 v0x34ccda10_0, 0;
T_3.2 ;
T_3.1 ;
    %jmp T_3;
    .thread T_3;
    .scope S_0x34c61b30;
T_4 ;
    %wait E_0x34c94570;
    %load/vec4 v0x34c8df00_0;
    %flag_set/vec4 8;
    %jmp/0xz  T_4.0, 8;
    %pushi/vec4 0, 0, 3;
    %assign/vec4 v0x34c90490_0, 0;
    %jmp T_4.1;
T_4.0 ;
    %load/vec4 v0x34c94f40_0;
    %flag_set/vec4 8;
    %jmp/0xz  T_4.2, 8;
    %pushi/vec4 7, 0, 3;
    %assign/vec4 v0x34c90490_0, 0;
    %jmp T_4.3;
T_4.2 ;
    %load/vec4 v0x34c94e70_0;
    %flag_set/vec4 9;
    %flag_get/vec4 9;
    %jmp/0 T_4.6, 9;
    %load/vec4 v0x34c90490_0;
    %pushi/vec4 0, 0, 3;
    %cmp/ne;
    %flag_get/vec4 4;
    %and;
T_4.6;
    %flag_set/vec4 8;
    %jmp/0xz  T_4.4, 8;
    %load/vec4 v0x34c90490_0;
    %subi 1, 0, 3;
    %assign/vec4 v0x34c90490_0, 0;
T_4.4 ;
T_4.3 ;
T_4.1 ;
    %jmp T_4;
    .thread T_4;
    .scope S_0x34cc9f90;
T_5 ;
    %wait E_0x34c94570;
    %load/vec4 v0x34cca660_0;
    %flag_set/vec4 8;
    %jmp/0xz  T_5.0, 8;
    %pushi/vec4 0, 0, 8;
    %assign/vec4 v0x34cca330_0, 0;
    %jmp T_5.1;
T_5.0 ;
    %load/vec4 v0x34cca470_0;
    %flag_set/vec4 8;
    %jmp/0xz  T_5.2, 8;
    %load/vec4 v0x34cca580_0;
    %assign/vec4 v0x34cca330_0, 0;
    %jmp T_5.3;
T_5.2 ;
    %load/vec4 v0x34cca3d0_0;
    %flag_set/vec4 9;
    %flag_get/vec4 9;
    %jmp/0 T_5.6, 9;
    %load/vec4 v0x34cca330_0;
    %pushi/vec4 0, 0, 8;
    %cmp/ne;
    %flag_get/vec4 4;
    %and;
T_5.6;
    %flag_set/vec4 8;
    %jmp/0xz  T_5.4, 8;
    %load/vec4 v0x34cca330_0;
    %subi 1, 0, 8;
    %assign/vec4 v0x34cca330_0, 0;
T_5.4 ;
T_5.3 ;
T_5.1 ;
    %jmp T_5;
    .thread T_5;
    .scope S_0x34ccb490;
T_6 ;
    %wait E_0x34c94570;
    %load/vec4 v0x34ccc7b0_0;
    %flag_set/vec4 8;
    %jmp/0xz  T_6.0, 8;
    %pushi/vec4 1, 0, 8;
    %store/vec4 v0x34ccbe20_0, 0, 8;
    %pushi/vec4 0, 0, 1;
    %store/vec4 v0x34ccbf20_0, 0, 1;
    %jmp T_6.1;
T_6.0 ;
    %load/vec4 v0x34ccbe20_0;
    %dup/vec4;
    %pushi/vec4 1, 0, 8;
    %cmp/u;
    %jmp/1 T_6.2, 6;
    %dup/vec4;
    %pushi/vec4 2, 0, 8;
    %cmp/u;
    %jmp/1 T_6.3, 6;
    %dup/vec4;
    %pushi/vec4 4, 0, 8;
    %cmp/u;
    %jmp/1 T_6.4, 6;
    %dup/vec4;
    %pushi/vec4 8, 0, 8;
    %cmp/u;
    %jmp/1 T_6.5, 6;
    %dup/vec4;
    %pushi/vec4 16, 0, 8;
    %cmp/u;
    %jmp/1 T_6.6, 6;
    %dup/vec4;
    %pushi/vec4 32, 0, 8;
    %cmp/u;
    %jmp/1 T_6.7, 6;
    %dup/vec4;
    %pushi/vec4 64, 0, 8;
    %cmp/u;
    %jmp/1 T_6.8, 6;
    %dup/vec4;
    %pushi/vec4 128, 0, 8;
    %cmp/u;
    %jmp/1 T_6.9, 6;
    %pushi/vec4 1, 0, 8;
    %store/vec4 v0x34ccbe20_0, 0, 8;
    %jmp T_6.11;
T_6.2 ;
    %pushi/vec4 0, 0, 1;
    %store/vec4 v0x34ccbf20_0, 0, 1;
    %load/vec4 v0x34cccd40_0;
    %flag_set/vec4 8;
    %jmp/0xz  T_6.12, 8;
    %pushi/vec4 2, 0, 8;
    %store/vec4 v0x34ccbe20_0, 0, 8;
    %jmp T_6.13;
T_6.12 ;
    %pushi/vec4 1, 0, 8;
    %store/vec4 v0x34ccbe20_0, 0, 8;
T_6.13 ;
    %jmp T_6.11;
T_6.3 ;
    %load/vec4 v0x34ccc9c0_0;
    %flag_set/vec4 8;
    %jmp/0xz  T_6.14, 8;
    %pushi/vec4 4, 0, 8;
    %store/vec4 v0x34ccbe20_0, 0, 8;
    %jmp T_6.15;
T_6.14 ;
    %pushi/vec4 2, 0, 8;
    %store/vec4 v0x34ccbe20_0, 0, 8;
T_6.15 ;
    %jmp T_6.11;
T_6.4 ;
    %load/vec4 v0x34ccc9c0_0;
    %flag_set/vec4 9;
    %flag_get/vec4 9;
    %jmp/0 T_6.18, 9;
    %load/vec4 v0x34cccec0_0;
    %and;
T_6.18;
    %flag_set/vec4 8;
    %jmp/0xz  T_6.16, 8;
    %pushi/vec4 8, 0, 8;
    %store/vec4 v0x34ccbe20_0, 0, 8;
    %jmp T_6.17;
T_6.16 ;
    %pushi/vec4 4, 0, 8;
    %store/vec4 v0x34ccbe20_0, 0, 8;
T_6.17 ;
    %jmp T_6.11;
T_6.5 ;
    %load/vec4 v0x34ccca90_0;
    %flag_set/vec4 9;
    %flag_get/vec4 9;
    %jmp/0 T_6.21, 9;
    %load/vec4 v0x34cccb60_0;
    %and;
T_6.21;
    %flag_set/vec4 8;
    %jmp/0xz  T_6.19, 8;
    %pushi/vec4 1, 0, 1;
    %store/vec4 v0x34ccbf20_0, 0, 1;
T_6.19 ;
    %load/vec4 v0x34ccc9c0_0;
    %flag_set/vec4 8;
    %jmp/0xz  T_6.22, 8;
    %pushi/vec4 64, 0, 8;
    %store/vec4 v0x34ccbe20_0, 0, 8;
    %jmp T_6.23;
T_6.22 ;
    %pushi/vec4 8, 0, 8;
    %store/vec4 v0x34ccbe20_0, 0, 8;
T_6.23 ;
    %jmp T_6.11;
T_6.6 ;
    %load/vec4 v0x34ccc9c0_0;
    %flag_set/vec4 9;
    %flag_get/vec4 9;
    %jmp/0 T_6.26, 9;
    %load/vec4 v0x34cccec0_0;
    %and;
T_6.26;
    %flag_set/vec4 8;
    %jmp/0xz  T_6.24, 8;
    %pushi/vec4 32, 0, 8;
    %store/vec4 v0x34ccbe20_0, 0, 8;
    %jmp T_6.25;
T_6.24 ;
    %pushi/vec4 16, 0, 8;
    %store/vec4 v0x34ccbe20_0, 0, 8;
T_6.25 ;
    %jmp T_6.11;
T_6.7 ;
    %load/vec4 v0x34ccc9c0_0;
    %flag_set/vec4 8;
    %jmp/0xz  T_6.27, 8;
    %pushi/vec4 64, 0, 8;
    %store/vec4 v0x34ccbe20_0, 0, 8;
    %jmp T_6.28;
T_6.27 ;
    %pushi/vec4 32, 0, 8;
    %store/vec4 v0x34ccbe20_0, 0, 8;
T_6.28 ;
    %jmp T_6.11;
T_6.8 ;
    %load/vec4 v0x34ccbf20_0;
    %flag_set/vec4 8;
    %jmp/0xz  T_6.29, 8;
    %pushi/vec4 128, 0, 8;
    %store/vec4 v0x34ccbe20_0, 0, 8;
    %jmp T_6.30;
T_6.29 ;
    %load/vec4 v0x34cccf90_0;
    %flag_set/vec4 8;
    %jmp/0xz  T_6.31, 8;
    %pushi/vec4 128, 0, 8;
    %store/vec4 v0x34ccbe20_0, 0, 8;
    %jmp T_6.32;
T_6.31 ;
    %load/vec4 v0x34ccc850_0;
    %flag_set/vec4 8;
    %jmp/0xz  T_6.33, 8;
    %pushi/vec4 16, 0, 8;
    %store/vec4 v0x34ccbe20_0, 0, 8;
    %jmp T_6.34;
T_6.33 ;
    %pushi/vec4 4, 0, 8;
    %store/vec4 v0x34ccbe20_0, 0, 8;
T_6.34 ;
T_6.32 ;
T_6.30 ;
    %jmp T_6.11;
T_6.9 ;
    %load/vec4 v0x34ccca90_0;
    %flag_set/vec4 8;
    %jmp/0xz  T_6.35, 8;
    %pushi/vec4 1, 0, 8;
    %store/vec4 v0x34ccbe20_0, 0, 8;
    %jmp T_6.36;
T_6.35 ;
    %pushi/vec4 128, 0, 8;
    %store/vec4 v0x34ccbe20_0, 0, 8;
T_6.36 ;
    %jmp T_6.11;
T_6.11 ;
    %pop/vec4 1;
T_6.1 ;
    %jmp T_6;
    .thread T_6;
    .scope S_0x34ccb490;
T_7 ;
    %wait E_0x34cae270;
    %load/vec4 v0x34ccbe20_0;
    %dup/vec4;
    %pushi/vec4 1, 0, 8;
    %cmp/u;
    %jmp/1 T_7.0, 6;
    %dup/vec4;
    %pushi/vec4 2, 0, 8;
    %cmp/u;
    %jmp/1 T_7.1, 6;
    %dup/vec4;
    %pushi/vec4 4, 0, 8;
    %cmp/u;
    %jmp/1 T_7.2, 6;
    %dup/vec4;
    %pushi/vec4 8, 0, 8;
    %cmp/u;
    %jmp/1 T_7.3, 6;
    %dup/vec4;
    %pushi/vec4 16, 0, 8;
    %cmp/u;
    %jmp/1 T_7.4, 6;
    %dup/vec4;
    %pushi/vec4 32, 0, 8;
    %cmp/u;
    %jmp/1 T_7.5, 6;
    %dup/vec4;
    %pushi/vec4 64, 0, 8;
    %cmp/u;
    %jmp/1 T_7.6, 6;
    %dup/vec4;
    %pushi/vec4 128, 0, 8;
    %cmp/u;
    %jmp/1 T_7.7, 6;
    %pushi/vec4 0, 0, 1;
    %store/vec4 v0x34ccc8f0_0, 0, 1;
    %pushi/vec4 0, 0, 1;
    %store/vec4 v0x34ccc570_0, 0, 1;
    %pushi/vec4 0, 0, 1;
    %store/vec4 v0x34ccc4b0_0, 0, 1;
    %pushi/vec4 0, 0, 1;
    %store/vec4 v0x34ccc230_0, 0, 1;
    %pushi/vec4 0, 0, 1;
    %store/vec4 v0x34ccc410_0, 0, 1;
    %pushi/vec4 0, 0, 1;
    %store/vec4 v0x34ccc640_0, 0, 1;
    %pushi/vec4 0, 0, 1;
    %store/vec4 v0x34ccc710_0, 0, 1;
    %pushi/vec4 0, 0, 1;
    %store/vec4 v0x34ccc2d0_0, 0, 1;
    %pushi/vec4 0, 0, 1;
    %store/vec4 v0x34cccca0_0, 0, 1;
    %pushi/vec4 0, 0, 1;
    %store/vec4 v0x34ccbfe0_0, 0, 1;
    %pushi/vec4 0, 0, 1;
    %store/vec4 v0x34cccc00_0, 0, 1;
    %pushi/vec4 0, 0, 1;
    %store/vec4 v0x34ccc370_0, 0, 1;
    %pushi/vec4 0, 0, 1;
    %store/vec4 v0x34ccce00_0, 0, 1;
    %pushi/vec4 0, 0, 1;
    %store/vec4 v0x34ccc080_0, 0, 1;
    %jmp T_7.9;
T_7.0 ;
    %pushi/vec4 0, 0, 1;
    %store/vec4 v0x34ccc8f0_0, 0, 1;
    %pushi/vec4 0, 0, 1;
    %store/vec4 v0x34ccc570_0, 0, 1;
    %pushi/vec4 1, 0, 1;
    %store/vec4 v0x34ccc4b0_0, 0, 1;
    %pushi/vec4 0, 0, 1;
    %store/vec4 v0x34ccc230_0, 0, 1;
    %pushi/vec4 0, 0, 1;
    %store/vec4 v0x34ccc410_0, 0, 1;
    %pushi/vec4 0, 0, 1;
    %store/vec4 v0x34ccc640_0, 0, 1;
    %pushi/vec4 0, 0, 1;
    %store/vec4 v0x34ccc710_0, 0, 1;
    %pushi/vec4 0, 0, 1;
    %store/vec4 v0x34ccc2d0_0, 0, 1;
    %pushi/vec4 0, 0, 1;
    %store/vec4 v0x34cccca0_0, 0, 1;
    %pushi/vec4 0, 0, 1;
    %store/vec4 v0x34ccbfe0_0, 0, 1;
    %pushi/vec4 0, 0, 1;
    %store/vec4 v0x34cccc00_0, 0, 1;
    %pushi/vec4 0, 0, 1;
    %store/vec4 v0x34ccc370_0, 0, 1;
    %pushi/vec4 0, 0, 1;
    %store/vec4 v0x34ccce00_0, 0, 1;
    %pushi/vec4 0, 0, 1;
    %store/vec4 v0x34ccc080_0, 0, 1;
    %jmp T_7.9;
T_7.1 ;
    %pushi/vec4 1, 0, 1;
    %store/vec4 v0x34ccc8f0_0, 0, 1;
    %pushi/vec4 1, 0, 1;
    %store/vec4 v0x34ccc570_0, 0, 1;
    %pushi/vec4 1, 0, 1;
    %store/vec4 v0x34ccc4b0_0, 0, 1;
    %pushi/vec4 0, 0, 1;
    %store/vec4 v0x34ccc230_0, 0, 1;
    %pushi/vec4 1, 0, 1;
    %store/vec4 v0x34ccc410_0, 0, 1;
    %pushi/vec4 1, 0, 1;
    %store/vec4 v0x34ccc640_0, 0, 1;
    %pushi/vec4 1, 0, 1;
    %store/vec4 v0x34ccc710_0, 0, 1;
    %pushi/vec4 0, 0, 1;
    %store/vec4 v0x34ccc2d0_0, 0, 1;
    %pushi/vec4 0, 0, 1;
    %store/vec4 v0x34cccca0_0, 0, 1;
    %pushi/vec4 1, 0, 1;
    %store/vec4 v0x34ccbfe0_0, 0, 1;
    %pushi/vec4 0, 0, 1;
    %store/vec4 v0x34cccc00_0, 0, 1;
    %pushi/vec4 0, 0, 1;
    %store/vec4 v0x34ccc370_0, 0, 1;
    %pushi/vec4 0, 0, 1;
    %store/vec4 v0x34ccce00_0, 0, 1;
    %pushi/vec4 0, 0, 1;
    %store/vec4 v0x34ccc080_0, 0, 1;
    %jmp T_7.9;
T_7.2 ;
    %pushi/vec4 1, 0, 1;
    %store/vec4 v0x34ccc8f0_0, 0, 1;
    %pushi/vec4 0, 0, 1;
    %store/vec4 v0x34ccc570_0, 0, 1;
    %pushi/vec4 0, 0, 1;
    %store/vec4 v0x34ccc4b0_0, 0, 1;
    %load/vec4 v0x34ccc9c0_0;
    %store/vec4 v0x34ccc230_0, 0, 1;
    %pushi/vec4 0, 0, 1;
    %store/vec4 v0x34ccc410_0, 0, 1;
    %pushi/vec4 0, 0, 1;
    %store/vec4 v0x34ccc640_0, 0, 1;
    %pushi/vec4 0, 0, 1;
    %store/vec4 v0x34ccc710_0, 0, 1;
    %pushi/vec4 0, 0, 1;
    %store/vec4 v0x34ccc2d0_0, 0, 1;
    %load/vec4 v0x34ccc9c0_0;
    %store/vec4 v0x34cccca0_0, 0, 1;
    %pushi/vec4 1, 0, 1;
    %store/vec4 v0x34ccbfe0_0, 0, 1;
    %pushi/vec4 0, 0, 1;
    %store/vec4 v0x34cccc00_0, 0, 1;
    %pushi/vec4 0, 0, 1;
    %store/vec4 v0x34ccc370_0, 0, 1;
    %pushi/vec4 0, 0, 1;
    %store/vec4 v0x34ccce00_0, 0, 1;
    %pushi/vec4 0, 0, 1;
    %store/vec4 v0x34ccc080_0, 0, 1;
    %jmp T_7.9;
T_7.3 ;
    %pushi/vec4 1, 0, 1;
    %store/vec4 v0x34ccc8f0_0, 0, 1;
    %pushi/vec4 0, 0, 1;
    %store/vec4 v0x34ccc570_0, 0, 1;
    %pushi/vec4 1, 0, 1;
    %store/vec4 v0x34ccc4b0_0, 0, 1;
    %pushi/vec4 0, 0, 1;
    %store/vec4 v0x34ccc230_0, 0, 1;
    %pushi/vec4 0, 0, 1;
    %store/vec4 v0x34ccc410_0, 0, 1;
    %pushi/vec4 0, 0, 1;
    %store/vec4 v0x34ccc640_0, 0, 1;
    %pushi/vec4 0, 0, 1;
    %store/vec4 v0x34ccc710_0, 0, 1;
    %load/vec4 v0x34ccc9c0_0;
    %store/vec4 v0x34ccc2d0_0, 0, 1;
    %pushi/vec4 0, 0, 1;
    %store/vec4 v0x34cccca0_0, 0, 1;
    %pushi/vec4 1, 0, 1;
    %store/vec4 v0x34ccbfe0_0, 0, 1;
    %pushi/vec4 0, 0, 1;
    %store/vec4 v0x34cccc00_0, 0, 1;
    %pushi/vec4 0, 0, 1;
    %store/vec4 v0x34ccc370_0, 0, 1;
    %pushi/vec4 0, 0, 1;
    %store/vec4 v0x34ccce00_0, 0, 1;
    %pushi/vec4 0, 0, 1;
    %store/vec4 v0x34ccc080_0, 0, 1;
    %jmp T_7.9;
T_7.4 ;
    %pushi/vec4 1, 0, 1;
    %store/vec4 v0x34ccc8f0_0, 0, 1;
    %pushi/vec4 0, 0, 1;
    %store/vec4 v0x34ccc570_0, 0, 1;
    %pushi/vec4 1, 0, 1;
    %store/vec4 v0x34ccc4b0_0, 0, 1;
    %load/vec4 v0x34ccc9c0_0;
    %store/vec4 v0x34ccc230_0, 0, 1;
    %pushi/vec4 0, 0, 1;
    %store/vec4 v0x34ccc410_0, 0, 1;
    %pushi/vec4 0, 0, 1;
    %store/vec4 v0x34ccc640_0, 0, 1;
    %pushi/vec4 0, 0, 1;
    %store/vec4 v0x34ccc710_0, 0, 1;
    %pushi/vec4 0, 0, 1;
    %store/vec4 v0x34ccc2d0_0, 0, 1;
    %pushi/vec4 0, 0, 1;
    %store/vec4 v0x34cccca0_0, 0, 1;
    %pushi/vec4 1, 0, 1;
    %store/vec4 v0x34ccbfe0_0, 0, 1;
    %load/vec4 v0x34ccca90_0;
    %store/vec4 v0x34cccc00_0, 0, 1;
    %pushi/vec4 0, 0, 1;
    %store/vec4 v0x34ccc370_0, 0, 1;
    %pushi/vec4 0, 0, 1;
    %store/vec4 v0x34ccce00_0, 0, 1;
    %pushi/vec4 0, 0, 1;
    %store/vec4 v0x34ccc080_0, 0, 1;
    %jmp T_7.9;
T_7.5 ;
    %pushi/vec4 1, 0, 1;
    %store/vec4 v0x34ccc8f0_0, 0, 1;
    %pushi/vec4 0, 0, 1;
    %store/vec4 v0x34ccc570_0, 0, 1;
    %pushi/vec4 1, 0, 1;
    %store/vec4 v0x34ccc4b0_0, 0, 1;
    %pushi/vec4 0, 0, 1;
    %store/vec4 v0x34ccc230_0, 0, 1;
    %load/vec4 v0x34cccf90_0;
    %flag_set/vec4 8;
    %jmp/0 T_7.10, 8;
    %pushi/vec4 0, 0, 1;
    %jmp/1 T_7.11, 8;
T_7.10 ; End of true expr.
    %pushi/vec4 1, 0, 1;
    %jmp/0 T_7.11, 8;
 ; End of false expr.
    %blend;
T_7.11;
    %store/vec4 v0x34ccc410_0, 0, 1;
    %pushi/vec4 0, 0, 1;
    %store/vec4 v0x34ccc640_0, 0, 1;
    %pushi/vec4 0, 0, 1;
    %store/vec4 v0x34ccc710_0, 0, 1;
    %load/vec4 v0x34ccc9c0_0;
    %store/vec4 v0x34ccc2d0_0, 0, 1;
    %pushi/vec4 0, 0, 1;
    %store/vec4 v0x34cccca0_0, 0, 1;
    %pushi/vec4 1, 0, 1;
    %store/vec4 v0x34ccbfe0_0, 0, 1;
    %pushi/vec4 0, 0, 1;
    %store/vec4 v0x34cccc00_0, 0, 1;
    %pushi/vec4 0, 0, 1;
    %store/vec4 v0x34ccc370_0, 0, 1;
    %load/vec4 v0x34ccca90_0;
    %store/vec4 v0x34ccce00_0, 0, 1;
    %pushi/vec4 0, 0, 1;
    %store/vec4 v0x34ccc080_0, 0, 1;
    %jmp T_7.9;
T_7.6 ;
    %pushi/vec4 1, 0, 1;
    %store/vec4 v0x34ccc8f0_0, 0, 1;
    %pushi/vec4 1, 0, 1;
    %store/vec4 v0x34ccc570_0, 0, 1;
    %pushi/vec4 1, 0, 1;
    %store/vec4 v0x34ccc4b0_0, 0, 1;
    %pushi/vec4 0, 0, 1;
    %store/vec4 v0x34ccc230_0, 0, 1;
    %pushi/vec4 1, 0, 1;
    %store/vec4 v0x34ccc410_0, 0, 1;
    %pushi/vec4 0, 0, 1;
    %store/vec4 v0x34ccc640_0, 0, 1;
    %load/vec4 v0x34cccf90_0;
    %inv;
    %flag_set/vec4 8;
    %flag_get/vec4 8;
    %jmp/0 T_7.12, 8;
    %load/vec4 v0x34ccc850_0;
    %inv;
    %and;
T_7.12;
    %store/vec4 v0x34ccc710_0, 0, 1;
    %pushi/vec4 0, 0, 1;
    %store/vec4 v0x34ccc2d0_0, 0, 1;
    %pushi/vec4 0, 0, 1;
    %store/vec4 v0x34cccca0_0, 0, 1;
    %pushi/vec4 1, 0, 1;
    %store/vec4 v0x34ccbfe0_0, 0, 1;
    %pushi/vec4 0, 0, 1;
    %store/vec4 v0x34cccc00_0, 0, 1;
    %pushi/vec4 0, 0, 1;
    %store/vec4 v0x34ccc370_0, 0, 1;
    %pushi/vec4 0, 0, 1;
    %store/vec4 v0x34ccce00_0, 0, 1;
    %pushi/vec4 1, 0, 1;
    %store/vec4 v0x34ccc080_0, 0, 1;
    %jmp T_7.9;
T_7.7 ;
    %pushi/vec4 1, 0, 1;
    %store/vec4 v0x34ccc8f0_0, 0, 1;
    %pushi/vec4 0, 0, 1;
    %store/vec4 v0x34ccc570_0, 0, 1;
    %pushi/vec4 1, 0, 1;
    %store/vec4 v0x34ccc4b0_0, 0, 1;
    %pushi/vec4 0, 0, 1;
    %store/vec4 v0x34ccc230_0, 0, 1;
    %load/vec4 v0x34ccca90_0;
    %flag_set/vec4 8;
    %jmp/0 T_7.13, 8;
    %pushi/vec4 0, 0, 1;
    %jmp/1 T_7.14, 8;
T_7.13 ; End of true expr.
    %pushi/vec4 1, 0, 1;
    %jmp/0 T_7.14, 8;
 ; End of false expr.
    %blend;
T_7.14;
    %store/vec4 v0x34ccc410_0, 0, 1;
    %pushi/vec4 0, 0, 1;
    %store/vec4 v0x34ccc640_0, 0, 1;
    %pushi/vec4 0, 0, 1;
    %store/vec4 v0x34ccc710_0, 0, 1;
    %pushi/vec4 0, 0, 1;
    %store/vec4 v0x34ccc2d0_0, 0, 1;
    %pushi/vec4 0, 0, 1;
    %store/vec4 v0x34cccca0_0, 0, 1;
    %pushi/vec4 1, 0, 1;
    %store/vec4 v0x34ccbfe0_0, 0, 1;
    %pushi/vec4 0, 0, 1;
    %store/vec4 v0x34cccc00_0, 0, 1;
    %load/vec4 v0x34ccca90_0;
    %store/vec4 v0x34ccc370_0, 0, 1;
    %pushi/vec4 0, 0, 1;
    %store/vec4 v0x34ccce00_0, 0, 1;
    %pushi/vec4 0, 0, 1;
    %store/vec4 v0x34ccc080_0, 0, 1;
    %jmp T_7.9;
T_7.9 ;
    %pop/vec4 1;
    %jmp T_7;
    .thread T_7, $push;
    .scope S_0x34c8e0a0;
T_8 ;
    %delay 50000, 0;
    %load/vec4 v0x34cd0970_0;
    %inv;
    %store/vec4 v0x34cd0970_0, 0, 1;
    %jmp T_8;
    .thread T_8;
    .scope S_0x34c8e0a0;
T_9 ;
    %wait E_0x34cae310;
    %pushi/vec4 0, 0, 32;
    %assign/vec4 v0x34cd04f0_0, 0;
    %pushi/vec4 0, 0, 8;
    %assign/vec4 v0x34cd0b90_0, 0;
    %pushi/vec4 0, 0, 1;
    %assign/vec4 v0x34cd1100_0, 0;
    %pushi/vec4 0, 0, 1;
    %assign/vec4 v0x34cd11c0_0, 0;
    %jmp T_9;
    .thread T_9;
    .scope S_0x34c8e0a0;
T_10 ;
    %wait E_0x34c2ae70;
    %load/vec4 v0x34cd05d0_0;
    %flag_set/vec4 8;
    %jmp/0xz  T_10.0, 8;
    %load/vec4 v0x34cd04f0_0;
    %cmpi/s 8, 0, 32;
    %jmp/0xz  T_10.2, 5;
    %load/vec4 v0x34cd0b90_0;
    %pad/u 32;
    %cmpi/e 0, 0, 32;
    %jmp/1 T_10.6, 4;
    %flag_mov 8, 4;
    %load/vec4 v0x34cd11c0_0;
    %pad/u 32;
    %cmpi/e 0, 0, 32;
    %flag_or 4, 8;
T_10.6;
    %jmp/0xz  T_10.4, 4;
    %load/vec4 v0x34cd1020_0;
    %parti/s 7, 0, 2;
    %load/vec4 v0x34cd0190_0;
    %concat/vec4; draw_concat_vec4
    %assign/vec4 v0x34cd1020_0, 0;
T_10.4 ;
T_10.2 ;
    %load/vec4 v0x34cd04f0_0;
    %addi 1, 0, 32;
    %assign/vec4 v0x34cd04f0_0, 0;
T_10.0 ;
    %jmp T_10;
    .thread T_10;
    .scope S_0x34c8e0a0;
T_11 ;
    %wait E_0x34c408a0;
    %load/vec4 v0x34cd05d0_0;
    %flag_set/vec4 8;
    %jmp/0xz  T_11.0, 8;
    %load/vec4 v0x34cd04f0_0;
    %cmpi/e 8, 0, 32;
    %jmp/0xz  T_11.2, 4;
    %load/vec4 v0x34cd0b90_0;
    %pad/u 32;
    %cmpi/e 0, 0, 32;
    %jmp/0xz  T_11.4, 4;
    %fork t_1, S_0x34caf320;
    %jmp t_0;
    .scope S_0x34caf320;
t_1 ;
    %pushi/vec4 1, 0, 1;
    %assign/vec4 v0x34cd1100_0, 0;
    %load/vec4 v0x34cd1020_0;
    %parti/s 1, 0, 2;
    %assign/vec4 v0x34cd11c0_0, 0;
    %load/vec4 v0x34cd1020_0;
    %parti/s 1, 0, 2;
    %flag_set/vec4 8;
    %jmp/0 T_11.6, 8;
    %pushi/vec4 19525, 0, 32; draw_string_vec4
    %pushi/vec4 1129600338, 0, 32; draw_string_vec4
    %concat/vec4; draw_string_vec4
    %pushi/vec4 65, 0, 8; draw_string_vec4
    %concat/vec4; draw_string_vec4
    %jmp/1 T_11.7, 8;
T_11.6 ; End of true expr.
    %pushi/vec4 1163084626, 0, 32; draw_string_vec4
    %pushi/vec4 1230263634, 0, 32; draw_string_vec4
    %concat/vec4; draw_string_vec4
    %pushi/vec4 65, 0, 8; draw_string_vec4
    %concat/vec4; draw_string_vec4
    %jmp/0 T_11.7, 8;
 ; End of false expr.
    %blend;
T_11.7;
    %vpi_call 2 106 "$display", "[TB - Esclavo] Direccion detectada: 0x%h. Modo seteado por Bus: %s", v0x34cd1020_0, S<0,vec4,u72> {1 0 0};
    %end;
    .scope S_0x34c8e0a0;
t_0 %join;
    %jmp T_11.5;
T_11.4 ;
    %load/vec4 v0x34cd11c0_0;
    %pad/u 32;
    %cmpi/e 0, 0, 32;
    %jmp/0xz  T_11.8, 4;
    %fork t_3, S_0x34c421f0;
    %jmp t_2;
    .scope S_0x34c421f0;
t_3 ;
    %pushi/vec4 1, 0, 1;
    %assign/vec4 v0x34cd1100_0, 0;
    %load/vec4 v0x34cd07b0_0;
    %pad/u 32;
    %addi 1, 0, 32;
    %vpi_call 2 110 "$display", "[TB - Esclavo] Recibido byte %0d del Maestro (Valor: 0x%h). Respondiendo con ACK.", S<0,vec4,u32>, v0x34cd1020_0 {1 0 0};
    %end;
    .scope S_0x34c8e0a0;
t_2 %join;
    %jmp T_11.9;
T_11.8 ;
    %fork t_5, S_0x34c42380;
    %jmp t_4;
    .scope S_0x34c42380;
t_5 ;
    %pushi/vec4 0, 0, 1;
    %assign/vec4 v0x34cd1100_0, 0;
    %end;
    .scope S_0x34c8e0a0;
t_4 %join;
T_11.9 ;
T_11.5 ;
    %jmp T_11.3;
T_11.2 ;
    %load/vec4 v0x34cd04f0_0;
    %cmpi/e 9, 0, 32;
    %jmp/0xz  T_11.10, 4;
    %pushi/vec4 0, 0, 32;
    %assign/vec4 v0x34cd04f0_0, 0;
    %load/vec4 v0x34cd0b90_0;
    %addi 1, 0, 8;
    %assign/vec4 v0x34cd0b90_0, 0;
    %load/vec4 v0x34cd11c0_0;
    %pad/u 32;
    %cmpi/e 1, 0, 32;
    %jmp/0xz  T_11.12, 4;
    %load/vec4 v0x34cd0b90_0;
    %pad/u 32;
    %addi 1, 0, 32;
    %cmpi/e 1, 0, 32;
    %flag_mov 8, 4;
    %jmp/0 T_11.14, 8;
    %pushi/vec4 171, 0, 8;
    %jmp/1 T_11.15, 8;
T_11.14 ; End of true expr.
    %pushi/vec4 205, 0, 8;
    %jmp/0 T_11.15, 8;
 ; End of false expr.
    %blend;
T_11.15;
    %store/vec4 v0x34cd0a10_0, 0, 8;
    %load/vec4 v0x34cd0a10_0;
    %parti/s 1, 7, 4;
    %inv;
    %assign/vec4 v0x34cd1100_0, 0;
    %jmp T_11.13;
T_11.12 ;
    %pushi/vec4 0, 0, 1;
    %assign/vec4 v0x34cd1100_0, 0;
T_11.13 ;
    %jmp T_11.11;
T_11.10 ;
    %load/vec4 v0x34cd11c0_0;
    %pad/u 32;
    %cmpi/e 1, 0, 32;
    %flag_get/vec4 4;
    %jmp/0 T_11.18, 4;
    %pushi/vec4 0, 0, 32;
    %load/vec4 v0x34cd0b90_0;
    %pad/u 32;
    %cmp/u;
    %flag_get/vec4 5;
    %and;
T_11.18;
    %flag_set/vec4 8;
    %jmp/0xz  T_11.16, 8;
    %load/vec4 v0x34cd04f0_0;
    %cmpi/s 8, 0, 32;
    %jmp/0xz  T_11.19, 5;
    %load/vec4 v0x34cd0b90_0;
    %pad/u 32;
    %cmpi/e 1, 0, 32;
    %flag_mov 8, 4;
    %jmp/0 T_11.21, 8;
    %pushi/vec4 171, 0, 8;
    %jmp/1 T_11.22, 8;
T_11.21 ; End of true expr.
    %pushi/vec4 205, 0, 8;
    %jmp/0 T_11.22, 8;
 ; End of false expr.
    %blend;
T_11.22;
    %store/vec4 v0x34cd0a10_0, 0, 8;
    %load/vec4 v0x34cd0a10_0;
    %pushi/vec4 7, 0, 32;
    %load/vec4 v0x34cd04f0_0;
    %sub;
    %part/s 1;
    %inv;
    %assign/vec4 v0x34cd1100_0, 0;
T_11.19 ;
    %jmp T_11.17;
T_11.16 ;
    %pushi/vec4 0, 0, 1;
    %assign/vec4 v0x34cd1100_0, 0;
T_11.17 ;
T_11.11 ;
T_11.3 ;
T_11.0 ;
    %jmp T_11;
    .thread T_11;
    .scope S_0x34c8e0a0;
T_12 ;
    %wait E_0x34c408a0;
    %load/vec4 v0x34cd05d0_0;
    %flag_set/vec4 9;
    %flag_get/vec4 9;
    %jmp/0 T_12.2, 9;
    %load/vec4 v0x34cd04f0_0;
    %pushi/vec4 8, 0, 32;
    %cmp/e;
    %flag_get/vec4 4;
    %and;
T_12.2;
    %flag_set/vec4 8;
    %jmp/0xz  T_12.0, 8;
    %load/vec4 v0x34cd0b90_0;
    %pad/u 32;
    %cmpi/ne 0, 0, 32;
    %jmp/0xz  T_12.3, 4;
    %load/vec4 v0x34cd11c0_0;
    %pad/u 32;
    %cmpi/e 0, 0, 32;
    %jmp/0xz  T_12.5, 4;
    %load/vec4 v0x34cd07b0_0;
    %addi 1, 0, 8;
    %assign/vec4 v0x34cd07b0_0, 0;
    %jmp T_12.6;
T_12.5 ;
    %load/vec4 v0x34cd0890_0;
    %addi 1, 0, 8;
    %assign/vec4 v0x34cd0890_0, 0;
T_12.6 ;
T_12.3 ;
T_12.0 ;
    %jmp T_12;
    .thread T_12;
    .scope S_0x34c8e0a0;
T_13 ;
    %vpi_call 2 157 "$dumpfile", "tb_TOP_I2C.vcd" {0 0 0};
    %vpi_call 2 158 "$dumpvars", 32'sb00000000000000000000000000000000, S_0x34c8e0a0 {0 0 0};
    %pushi/vec4 0, 0, 1;
    %store/vec4 v0x34cd0970_0, 0, 1;
    %fork TD_tb_TOP_I2C.aplicar_reset, S_0x34c42510;
    %join;
    %vpi_call 2 166 "$display", "\012--- Iniciando Transaccion de Escritura (2 Bytes de Datos) ---" {0 0 0};
    %pushi/vec4 3, 0, 8;
    %store/vec4 v0x34cd0c70_0, 0, 8;
    %pushi/vec4 0, 0, 1;
    %store/vec4 v0x34cd0e20_0, 0, 1;
    %pushi/vec4 62, 0, 8;
    %store/vec4 v0x34cd1370_0, 0, 8;
    %pushi/vec4 1, 0, 1;
    %store/vec4 v0x34cd1280_0, 0, 1;
    %delay 100000, 0;
    %pushi/vec4 0, 0, 1;
    %store/vec4 v0x34cd1280_0, 0, 1;
    %wait E_0x34c403d0;
    %delay 25000, 0;
    %pushi/vec4 17, 0, 8;
    %store/vec4 v0x34cd1370_0, 0, 8;
    %vpi_call 2 178 "$display", "[TB] Direccion procesada de forma segura. Cargando dato 1: 0x11" {0 0 0};
    %wait E_0x34c403d0;
    %delay 25000, 0;
    %pushi/vec4 165, 0, 8;
    %store/vec4 v0x34cd1370_0, 0, 8;
    %vpi_call 2 183 "$display", "[TB] Dato 1 procesado de forma segura. Cargando dato 2: 0xA5" {0 0 0};
    %wait E_0x34c40800;
    %vpi_call 2 186 "$display", "[TB] Transaccion de Escritura Finalizada de forma exitosa." {0 0 0};
    %delay 2000000, 0;
    %vpi_call 2 192 "$display", "\012--- Iniciando Transaccion de Lectura (2 Bytes de Datos) ---" {0 0 0};
    %pushi/vec4 0, 0, 8;
    %store/vec4 v0x34cd0890_0, 0, 8;
    %pushi/vec4 3, 0, 8;
    %store/vec4 v0x34cd0c70_0, 0, 8;
    %pushi/vec4 1, 0, 1;
    %store/vec4 v0x34cd0e20_0, 0, 1;
    %pushi/vec4 63, 0, 8;
    %store/vec4 v0x34cd1370_0, 0, 8;
    %pushi/vec4 1, 0, 1;
    %store/vec4 v0x34cd1280_0, 0, 1;
    %delay 100000, 0;
    %pushi/vec4 0, 0, 1;
    %store/vec4 v0x34cd1280_0, 0, 1;
    %wait E_0x34c403d0;
    %vpi_call 2 203 "$display", "[TB] Direccion de lectura validada." {0 0 0};
    %wait E_0x34c403d0;
    %vpi_call 2 206 "$display", "[TB] Maestro capto el 1er Byte. Valor: 0x%H (Esperado: 0xAB)", v0x34cd0f10_0 {0 0 0};
    %wait E_0x34c40800;
    %vpi_call 2 210 "$display", "[TB] Maestro capto el 2do Byte. Valor: 0x%H (Esperado: 0xCD)", v0x34cd0f10_0 {0 0 0};
    %vpi_call 2 211 "$display", "[TB] Transaccion de Lectura Finalizada." {0 0 0};
    %delay 2000000, 0;
    %vpi_call 2 214 "$display", "\012--- Todas las pruebas terminaron satisfactoriamente ---" {0 0 0};
    %vpi_call 2 215 "$finish" {0 0 0};
    %end;
    .thread T_13;
# The file index is used to find the file name in the following table.
:file_names 9;
    "N/A";
    "<interactive>";
    "TESTBENCH.v";
    "Top_I2C.v";
    "CONTADOR_BITS.v";
    "CONTADOR_BYTES.v";
    "I2C_CLOCK_GENERATOR.v";
    "CONTROL.v";
    "SHIFT_REG.v";
# EOF
