#! /usr/bin/env bash
exec /home/juan-diego/miniconda3/envs/digital/bin/vvp -f "$0" "$@" <<'# EOF'
:ivl_version "13.0 (devel)" "(0_8-6859-gf50cc35d2-dirty)";
:ivl_delay_selection "TYPICAL";
:vpi_time_precision - 12;
:vpi_module "/home/juan-diego/miniconda3/envs/digital/lib/ivl/system.vpi";
:vpi_module "/home/juan-diego/miniconda3/envs/digital/lib/ivl/vhdl_sys.vpi";
:vpi_module "/home/juan-diego/miniconda3/envs/digital/lib/ivl/vhdl_textio.vpi";
:vpi_module "/home/juan-diego/miniconda3/envs/digital/lib/ivl/v2005_math.vpi";
:vpi_module "/home/juan-diego/miniconda3/envs/digital/lib/ivl/va_math.vpi";
S_0x2c4e2070 .scope module, "tb_Periferico_Divisor" "tb_Periferico_Divisor" 2 2;
 .timescale -9 -12;
v0x2c54d1c0_0 .var "addr", 4 0;
v0x2c54d2a0_0 .var "clk", 0 0;
v0x2c54d340_0 .var "cs", 0 0;
v0x2c54d410_0 .var "d_in", 31 0;
v0x2c54d4e0_0 .net "d_out", 31 0, v0x2c54c5a0_0;  1 drivers
v0x2c54d5d0_0 .var "rd", 0 0;
v0x2c54d6a0_0 .var "reset", 0 0;
v0x2c54d770_0 .var "wr", 0 0;
E_0x2c4acc10 .event anyedge, v0x2c546fb0_0;
S_0x2c4e1720 .scope module, "DUT" "Periferico_Divisor" 2 17, 3 1 0, S_0x2c4e2070;
 .timescale 0 0;
    .port_info 0 /INPUT 1 "clk";
    .port_info 1 /INPUT 1 "reset";
    .port_info 2 /INPUT 32 "d_in";
    .port_info 3 /INPUT 1 "cs";
    .port_info 4 /INPUT 5 "addr";
    .port_info 5 /INPUT 1 "rd";
    .port_info 6 /INPUT 1 "wr";
    .port_info 7 /OUTPUT 32 "d_out";
v0x2c54bdf0_0 .net "DONE", 0 0, v0x2c546fb0_0;  1 drivers
v0x2c54beb0_0 .var/s "DR", 31 0;
v0x2c54bf70_0 .var/s "Dividendo", 31 0;
v0x2c54c010_0 .net/s "Residuo", 31 0, L_0x2c55ef90;  1 drivers
v0x2c54c0b0_0 .net/s "Resultado", 31 0, L_0x2c55ece0;  1 drivers
v0x2c54c1f0_0 .net "addr", 4 0, v0x2c54d1c0_0;  1 drivers
v0x2c54c2d0_0 .net "clk", 0 0, v0x2c54d2a0_0;  1 drivers
v0x2c54c370_0 .net "cs", 0 0, v0x2c54d340_0;  1 drivers
v0x2c54c430_0 .net "d_in", 31 0, v0x2c54d410_0;  1 drivers
v0x2c54c5a0_0 .var "d_out", 31 0;
v0x2c54c680_0 .var "init", 0 0;
v0x2c54c720_0 .net "rd", 0 0, v0x2c54d5d0_0;  1 drivers
v0x2c54c7e0_0 .net "reset", 0 0, v0x2c54d6a0_0;  1 drivers
v0x2c54c8a0_0 .var "s", 5 0;
v0x2c54c980_0 .net "wr", 0 0, v0x2c54d770_0;  1 drivers
E_0x2c4e55e0 .event anyedge, v0x2c54c370_0, v0x2c54c1f0_0;
S_0x2c4e65c0 .scope module, "u_Divisor_Top" "Divisor_Top" 3 84, 4 1 0, S_0x2c4e1720;
 .timescale -9 -12;
    .port_info 0 /INPUT 1 "clk";
    .port_info 1 /INPUT 1 "init";
    .port_info 2 /INPUT 32 "Dividendo";
    .port_info 3 /INPUT 32 "DR";
    .port_info 4 /OUTPUT 32 "Residuo";
    .port_info 5 /OUTPUT 32 "Resultado";
    .port_info 6 /OUTPUT 1 "DONE";
P_0x2c4e67a0 .param/l "width" 0 4 2, +C4<00000000000000000000000000011111>;
L_0x2c4deb10 .functor XOR 1, L_0x2c54d840, L_0x2c54d960, C4<0>, C4<0>;
L_0x2c4df100 .functor OR 1, L_0x2c4deb10, L_0x2c54db40, C4<0>, C4<0>;
L_0x2c527fe0 .functor NOT 32, v0x2c54bf70_0, C4<00000000000000000000000000000000>, C4<00000000000000000000000000000000>, C4<00000000000000000000000000000000>;
L_0x2c528d90 .functor NOT 32, v0x2c54beb0_0, C4<00000000000000000000000000000000>, C4<00000000000000000000000000000000>, C4<00000000000000000000000000000000>;
v0x2c54a260_0 .net "DEC", 0 0, v0x2c546ef0_0;  1 drivers
v0x2c54a370_0 .net "DONE", 0 0, v0x2c546fb0_0;  alias, 1 drivers
v0x2c54a430_0 .net/s "DR", 31 0, v0x2c54beb0_0;  1 drivers
v0x2c54a4d0_0 .net "DR_abs", 31 0, L_0x2c55e350;  1 drivers
v0x2c54a5a0_0 .net "DV0", 0 0, v0x2c547050_0;  1 drivers
v0x2c54a6e0_0 .net/s "Dividendo", 31 0, v0x2c54bf70_0;  1 drivers
v0x2c54a7a0_0 .net "Dividendo_abs", 31 0, L_0x2c55dee0;  1 drivers
v0x2c54a860_0 .net "LD", 0 0, v0x2c5470f0_0;  1 drivers
v0x2c54a950_0 .net "MSB", 0 0, L_0x2c55eb10;  1 drivers
v0x2c54aa80_0 .net "MSB_DV", 0 0, v0x2c549760_0;  1 drivers
v0x2c54ab70_0 .net/s "Residuo", 31 0, L_0x2c55ef90;  alias, 1 drivers
v0x2c54ac10_0 .net "Residuo_NS", 31 0, v0x2c548d00_0;  1 drivers
v0x2c54acb0_0 .net/s "Resultado", 31 0, L_0x2c55ece0;  alias, 1 drivers
v0x2c54ad70_0 .net "Resultado_NS", 31 0, v0x2c549830_0;  1 drivers
v0x2c54ae60_0 .net "SH", 0 0, v0x2c547380_0;  1 drivers
v0x2c54af00_0 .net "SUM_C2_out", 31 0, L_0x2c55e9e0;  1 drivers
v0x2c54b010_0 .net "Z", 0 0, L_0x2c55e8f0;  1 drivers
v0x2c54b100_0 .net *"_ivl_1", 0 0, L_0x2c54d840;  1 drivers
v0x2c54b1e0_0 .net *"_ivl_11", 0 0, L_0x2c54dc80;  1 drivers
v0x2c54b2c0_0 .net *"_ivl_12", 31 0, L_0x2c527fe0;  1 drivers
L_0x7926b4786018 .functor BUFT 1, C4<00000000000000000000000000000001>, C4<0>, C4<0>, C4<0>;
v0x2c54b3a0_0 .net/2s *"_ivl_14", 31 0, L_0x7926b4786018;  1 drivers
v0x2c54b480_0 .net/s *"_ivl_16", 31 0, L_0x2c55ddf0;  1 drivers
v0x2c54b560_0 .net *"_ivl_21", 0 0, L_0x2c55e0b0;  1 drivers
v0x2c54b640_0 .net *"_ivl_22", 31 0, L_0x2c528d90;  1 drivers
L_0x7926b4786060 .functor BUFT 1, C4<00000000000000000000000000000001>, C4<0>, C4<0>, C4<0>;
v0x2c54b720_0 .net/2s *"_ivl_24", 31 0, L_0x7926b4786060;  1 drivers
v0x2c54b800_0 .net/s *"_ivl_26", 31 0, L_0x2c55e210;  1 drivers
v0x2c54b8e0_0 .net *"_ivl_3", 0 0, L_0x2c54d960;  1 drivers
v0x2c54b9c0_0 .net "clk", 0 0, v0x2c54d2a0_0;  alias, 1 drivers
v0x2c54ba60_0 .net "corregir", 0 0, L_0x2c4df100;  1 drivers
v0x2c54bb00_0 .net "init", 0 0, v0x2c54c680_0;  1 drivers
v0x2c54bc30_0 .net "residue_sign", 0 0, L_0x2c54db40;  1 drivers
v0x2c54bcd0_0 .net "result_sign", 0 0, L_0x2c4deb10;  1 drivers
L_0x2c54d840 .part v0x2c54bf70_0, 31, 1;
L_0x2c54d960 .part v0x2c54beb0_0, 31, 1;
L_0x2c54db40 .part v0x2c54bf70_0, 31, 1;
L_0x2c54dc80 .part v0x2c54bf70_0, 31, 1;
L_0x2c55ddf0 .arith/sum 32, L_0x2c527fe0, L_0x7926b4786018;
L_0x2c55dee0 .functor MUXZ 32, v0x2c54bf70_0, L_0x2c55ddf0, L_0x2c54dc80, C4<>;
L_0x2c55e0b0 .part v0x2c54beb0_0, 31, 1;
L_0x2c55e210 .arith/sum 32, L_0x2c528d90, L_0x7926b4786060;
L_0x2c55e350 .functor MUXZ 32, v0x2c54beb0_0, L_0x2c55e210, L_0x2c55e0b0, C4<>;
S_0x2c4f2e80 .scope module, "contador" "Contador_Divisor" 4 50, 5 1 0, S_0x2c4e65c0;
 .timescale 0 0;
    .port_info 0 /INPUT 1 "clk";
    .port_info 1 /INPUT 1 "INIT";
    .port_info 2 /INPUT 1 "DEC";
    .port_info 3 /OUTPUT 6 "out";
    .port_info 4 /OUTPUT 1 "Z";
v0x2c4dec00_0 .net "DEC", 0 0, v0x2c546ef0_0;  alias, 1 drivers
v0x2c4df210_0 .net "INIT", 0 0, v0x2c54c680_0;  alias, 1 drivers
v0x2c528130_0 .net "Z", 0 0, L_0x2c55e8f0;  alias, 1 drivers
v0x2c528ea0_0 .net *"_ivl_0", 31 0, L_0x2c55e4e0;  1 drivers
L_0x7926b4786180 .functor BUFT 1, C4<00>, C4<0>, C4<0>, C4<0>;
v0x2c522530_0 .net/2s *"_ivl_10", 1 0, L_0x7926b4786180;  1 drivers
v0x2c5231c0_0 .net *"_ivl_12", 1 0, L_0x2c55e760;  1 drivers
L_0x7926b47860a8 .functor BUFT 1, C4<00000000000000000000000000>, C4<0>, C4<0>, C4<0>;
v0x2c51bbb0_0 .net *"_ivl_3", 25 0, L_0x7926b47860a8;  1 drivers
L_0x7926b47860f0 .functor BUFT 1, C4<00000000000000000000000000000000>, C4<0>, C4<0>, C4<0>;
v0x2c5461e0_0 .net/2u *"_ivl_4", 31 0, L_0x7926b47860f0;  1 drivers
v0x2c5462c0_0 .net *"_ivl_6", 0 0, L_0x2c55e5d0;  1 drivers
L_0x7926b4786138 .functor BUFT 1, C4<01>, C4<0>, C4<0>, C4<0>;
v0x2c546380_0 .net/2s *"_ivl_8", 1 0, L_0x7926b4786138;  1 drivers
v0x2c546460_0 .net "clk", 0 0, v0x2c54d2a0_0;  alias, 1 drivers
v0x2c546520_0 .var "out", 5 0;
E_0x2c4e5330 .event posedge, v0x2c546460_0;
L_0x2c55e4e0 .concat [ 6 26 0 0], v0x2c546520_0, L_0x7926b47860a8;
L_0x2c55e5d0 .cmp/eq 32, L_0x2c55e4e0, L_0x7926b47860f0;
L_0x2c55e760 .functor MUXZ 2, L_0x7926b4786180, L_0x7926b4786138, L_0x2c55e5d0, C4<>;
L_0x2c55e8f0 .part L_0x2c55e760, 0, 1;
S_0x2c5466a0 .scope module, "control" "Control_Divisor" 4 35, 6 1 0, S_0x2c4e65c0;
 .timescale 0 0;
    .port_info 0 /INPUT 1 "clk";
    .port_info 1 /INPUT 1 "init";
    .port_info 2 /INPUT 1 "Z";
    .port_info 3 /INPUT 1 "MSB";
    .port_info 4 /INPUT 1 "corregir";
    .port_info 5 /OUTPUT 1 "LD";
    .port_info 6 /OUTPUT 1 "SH";
    .port_info 7 /OUTPUT 1 "DEC";
    .port_info 8 /OUTPUT 1 "DV0";
    .port_info 9 /OUTPUT 1 "DONE";
P_0x2c546850 .param/l "S_CHECK" 0 6 18, C4<010>;
P_0x2c546890 .param/l "S_CORRECT" 0 6 20, C4<100>;
P_0x2c5468d0 .param/l "S_END" 0 6 21, C4<101>;
P_0x2c546910 .param/l "S_ONE" 0 6 19, C4<011>;
P_0x2c546950 .param/l "S_SHIFT" 0 6 17, C4<001>;
P_0x2c546990 .param/l "S_START" 0 6 16, C4<000>;
v0x2c546df0_0 .var "COUNT", 5 0;
v0x2c546ef0_0 .var "DEC", 0 0;
v0x2c546fb0_0 .var "DONE", 0 0;
v0x2c547050_0 .var "DV0", 0 0;
v0x2c5470f0_0 .var "LD", 0 0;
v0x2c5471e0_0 .net "MSB", 0 0, L_0x2c55eb10;  alias, 1 drivers
v0x2c5472a0_0 .var "NEXT_STATE", 2 0;
v0x2c547380_0 .var "SH", 0 0;
v0x2c547440_0 .net "Z", 0 0, L_0x2c55e8f0;  alias, 1 drivers
v0x2c5474e0_0 .net "clk", 0 0, v0x2c54d2a0_0;  alias, 1 drivers
v0x2c547580_0 .net "corregir", 0 0, L_0x2c4df100;  alias, 1 drivers
v0x2c547620_0 .net "init", 0 0, v0x2c54c680_0;  alias, 1 drivers
E_0x2c4cff80 .event anyedge, v0x2c5472a0_0;
S_0x2c547820 .scope module, "corrector" "Corregir_Signos" 4 92, 7 1 0, S_0x2c4e65c0;
 .timescale 0 0;
    .port_info 0 /INPUT 32 "Residuo_NS";
    .port_info 1 /INPUT 32 "Resultado_NS";
    .port_info 2 /INPUT 1 "result_sign";
    .port_info 3 /INPUT 1 "residue_sign";
    .port_info 4 /OUTPUT 32 "Residuo";
    .port_info 5 /OUTPUT 32 "Resultado";
P_0x2c5479b0 .param/l "width" 0 7 2, +C4<00000000000000000000000000011111>;
L_0x2c5223e0 .functor NOT 32, v0x2c549830_0, C4<00000000000000000000000000000000>, C4<00000000000000000000000000000000>, C4<00000000000000000000000000000000>;
L_0x2c5230f0 .functor NOT 32, v0x2c548d00_0, C4<00000000000000000000000000000000>, C4<00000000000000000000000000000000>, C4<00000000000000000000000000000000>;
v0x2c547b10_0 .net/s "Residuo", 31 0, L_0x2c55ef90;  alias, 1 drivers
v0x2c547bf0_0 .net/s "Residuo_NS", 31 0, v0x2c548d00_0;  alias, 1 drivers
v0x2c547cd0_0 .net/s "Resultado", 31 0, L_0x2c55ece0;  alias, 1 drivers
v0x2c547dc0_0 .net/s "Resultado_NS", 31 0, v0x2c549830_0;  alias, 1 drivers
v0x2c547ea0_0 .net *"_ivl_0", 31 0, L_0x2c5223e0;  1 drivers
L_0x7926b4786210 .functor BUFT 1, C4<00000000000000000000000000000001>, C4<0>, C4<0>, C4<0>;
v0x2c547fd0_0 .net/2s *"_ivl_10", 31 0, L_0x7926b4786210;  1 drivers
v0x2c5480b0_0 .net/s *"_ivl_12", 31 0, L_0x2c55eea0;  1 drivers
L_0x7926b47861c8 .functor BUFT 1, C4<00000000000000000000000000000001>, C4<0>, C4<0>, C4<0>;
v0x2c548190_0 .net/2s *"_ivl_2", 31 0, L_0x7926b47861c8;  1 drivers
v0x2c548270_0 .net/s *"_ivl_4", 31 0, L_0x2c55ec40;  1 drivers
v0x2c548350_0 .net *"_ivl_8", 31 0, L_0x2c5230f0;  1 drivers
v0x2c548430_0 .net "residue_sign", 0 0, L_0x2c54db40;  alias, 1 drivers
v0x2c5484f0_0 .net "result_sign", 0 0, L_0x2c4deb10;  alias, 1 drivers
L_0x2c55ec40 .arith/sum 32, L_0x2c5223e0, L_0x7926b47861c8;
L_0x2c55ece0 .functor MUXZ 32, v0x2c549830_0, L_0x2c55ec40, L_0x2c4deb10, C4<>;
L_0x2c55eea0 .arith/sum 32, L_0x2c5230f0, L_0x7926b4786210;
L_0x2c55ef90 .functor MUXZ 32, v0x2c548d00_0, L_0x2c55eea0, L_0x2c54db40, C4<>;
S_0x2c5486b0 .scope module, "reg_A" "Registro_A" 4 71, 8 1 0, S_0x2c4e65c0;
 .timescale 0 0;
    .port_info 0 /INPUT 1 "clk";
    .port_info 1 /INPUT 1 "INIT";
    .port_info 2 /INPUT 1 "LD";
    .port_info 3 /INPUT 1 "SH";
    .port_info 4 /INPUT 32 "SUM_C2";
    .port_info 5 /INPUT 1 "MSB_DV";
    .port_info 6 /OUTPUT 32 "Residuo_NS";
P_0x2c548840 .param/l "width" 0 8 2, +C4<00000000000000000000000000011111>;
v0x2c548a60_0 .net "INIT", 0 0, v0x2c54c680_0;  alias, 1 drivers
v0x2c548b70_0 .net "LD", 0 0, v0x2c5470f0_0;  alias, 1 drivers
v0x2c548c30_0 .net "MSB_DV", 0 0, v0x2c549760_0;  alias, 1 drivers
v0x2c548d00_0 .var "Residuo_NS", 31 0;
v0x2c548dd0_0 .net "SH", 0 0, v0x2c547380_0;  alias, 1 drivers
v0x2c548ec0_0 .net "SUM_C2", 31 0, L_0x2c55e9e0;  alias, 1 drivers
v0x2c548f60_0 .net "clk", 0 0, v0x2c54d2a0_0;  alias, 1 drivers
S_0x2c549150 .scope module, "reg_DV" "Registro_DV" 4 60, 9 1 0, S_0x2c4e65c0;
 .timescale 0 0;
    .port_info 0 /INPUT 1 "clk";
    .port_info 1 /INPUT 1 "INIT";
    .port_info 2 /INPUT 1 "SH";
    .port_info 3 /INPUT 1 "DV0";
    .port_info 4 /INPUT 32 "Dividendo";
    .port_info 5 /OUTPUT 1 "MSB_DV";
    .port_info 6 /OUTPUT 32 "Resultado_NS";
P_0x2c549380 .param/l "width" 0 9 2, +C4<00000000000000000000000000011111>;
v0x2c549510_0 .net "DV0", 0 0, v0x2c547050_0;  alias, 1 drivers
v0x2c5495d0_0 .net "Dividendo", 31 0, L_0x2c55dee0;  alias, 1 drivers
v0x2c549690_0 .net "INIT", 0 0, v0x2c54c680_0;  alias, 1 drivers
v0x2c549760_0 .var "MSB_DV", 0 0;
v0x2c549830_0 .var "Resultado_NS", 31 0;
v0x2c549920_0 .net "SH", 0 0, v0x2c547380_0;  alias, 1 drivers
v0x2c549a10_0 .net "clk", 0 0, v0x2c54d2a0_0;  alias, 1 drivers
S_0x2c549b90 .scope module, "sumador" "Sumador_Divisor" 4 83, 10 1 0, S_0x2c4e65c0;
 .timescale 0 0;
    .port_info 0 /INPUT 32 "A";
    .port_info 1 /INPUT 32 "DR";
    .port_info 2 /OUTPUT 32 "OUT";
    .port_info 3 /OUTPUT 1 "MSB";
P_0x2c549d70 .param/l "width" 0 10 2, +C4<00000000000000000000000000011111>;
v0x2c549e40_0 .net/s "A", 31 0, v0x2c548d00_0;  alias, 1 drivers
v0x2c549f70_0 .net/s "DR", 31 0, L_0x2c55e350;  alias, 1 drivers
v0x2c54a050_0 .net "MSB", 0 0, L_0x2c55eb10;  alias, 1 drivers
v0x2c54a120_0 .net/s "OUT", 31 0, L_0x2c55e9e0;  alias, 1 drivers
L_0x2c55e9e0 .arith/sub 32, v0x2c548d00_0, L_0x2c55e350;
L_0x2c55eb10 .part L_0x2c55e9e0, 31, 1;
S_0x2c54cb40 .scope task, "READ" "READ" 2 52, 2 52 0, S_0x2c4e2070;
 .timescale -9 -12;
v0x2c54cd40_0 .var "direccion", 4 0;
TD_tb_Periferico_Divisor.READ ;
    %wait E_0x2c4e5330;
    %pushi/vec4 1, 0, 1;
    %assign/vec4 v0x2c54d340_0, 0;
    %pushi/vec4 1, 0, 1;
    %assign/vec4 v0x2c54d5d0_0, 0;
    %pushi/vec4 0, 0, 1;
    %assign/vec4 v0x2c54d770_0, 0;
    %load/vec4 v0x2c54cd40_0;
    %assign/vec4 v0x2c54d1c0_0, 0;
    %wait E_0x2c4e5330;
    %load/vec4 v0x2c54d4e0_0;
    %vpi_call 2 61 "$display", "READ addr = %h --> d_out = %d (signed: %0d)", v0x2c54cd40_0, v0x2c54d4e0_0, S<0,vec4,s32> {1 0 0};
    %pushi/vec4 0, 0, 1;
    %assign/vec4 v0x2c54d340_0, 0;
    %pushi/vec4 0, 0, 1;
    %assign/vec4 v0x2c54d5d0_0, 0;
    %pushi/vec4 0, 0, 5;
    %assign/vec4 v0x2c54d1c0_0, 0;
    %end;
S_0x2c54ce20 .scope task, "WRITE" "WRITE" 2 34, 2 34 0, S_0x2c4e2070;
 .timescale -9 -12;
v0x2c54d000_0 .var "dato", 31 0;
v0x2c54d0e0_0 .var "direccion", 4 0;
TD_tb_Periferico_Divisor.WRITE ;
    %wait E_0x2c4e5330;
    %pushi/vec4 1, 0, 1;
    %assign/vec4 v0x2c54d340_0, 0;
    %pushi/vec4 1, 0, 1;
    %assign/vec4 v0x2c54d770_0, 0;
    %pushi/vec4 0, 0, 1;
    %assign/vec4 v0x2c54d5d0_0, 0;
    %load/vec4 v0x2c54d0e0_0;
    %assign/vec4 v0x2c54d1c0_0, 0;
    %load/vec4 v0x2c54d000_0;
    %assign/vec4 v0x2c54d410_0, 0;
    %wait E_0x2c4e5330;
    %pushi/vec4 0, 0, 1;
    %assign/vec4 v0x2c54d340_0, 0;
    %pushi/vec4 0, 0, 1;
    %assign/vec4 v0x2c54d770_0, 0;
    %pushi/vec4 0, 0, 5;
    %assign/vec4 v0x2c54d1c0_0, 0;
    %pushi/vec4 0, 0, 32;
    %assign/vec4 v0x2c54d410_0, 0;
    %end;
    .scope S_0x2c5466a0;
T_2 ;
    %wait E_0x2c4e5330;
    %load/vec4 v0x2c5472a0_0;
    %dup/vec4;
    %pushi/vec4 0, 0, 3;
    %cmp/u;
    %jmp/1 T_2.0, 6;
    %dup/vec4;
    %pushi/vec4 1, 0, 3;
    %cmp/u;
    %jmp/1 T_2.1, 6;
    %dup/vec4;
    %pushi/vec4 2, 0, 3;
    %cmp/u;
    %jmp/1 T_2.2, 6;
    %dup/vec4;
    %pushi/vec4 3, 0, 3;
    %cmp/u;
    %jmp/1 T_2.3, 6;
    %dup/vec4;
    %pushi/vec4 4, 0, 3;
    %cmp/u;
    %jmp/1 T_2.4, 6;
    %dup/vec4;
    %pushi/vec4 5, 0, 3;
    %cmp/u;
    %jmp/1 T_2.5, 6;
    %pushi/vec4 0, 0, 3;
    %store/vec4 v0x2c5472a0_0, 0, 3;
    %jmp T_2.7;
T_2.0 ;
    %load/vec4 v0x2c547620_0;
    %flag_set/vec4 8;
    %jmp/0xz  T_2.8, 8;
    %pushi/vec4 1, 0, 3;
    %store/vec4 v0x2c5472a0_0, 0, 3;
    %jmp T_2.9;
T_2.8 ;
    %pushi/vec4 0, 0, 3;
    %store/vec4 v0x2c5472a0_0, 0, 3;
T_2.9 ;
    %jmp T_2.7;
T_2.1 ;
    %pushi/vec4 2, 0, 3;
    %store/vec4 v0x2c5472a0_0, 0, 3;
    %jmp T_2.7;
T_2.2 ;
    %load/vec4 v0x2c547440_0;
    %load/vec4 v0x2c547580_0;
    %and;
    %flag_set/vec4 8;
    %jmp/0xz  T_2.10, 8;
    %pushi/vec4 4, 0, 3;
    %store/vec4 v0x2c5472a0_0, 0, 3;
    %jmp T_2.11;
T_2.10 ;
    %load/vec4 v0x2c547440_0;
    %flag_set/vec4 8;
    %jmp/0xz  T_2.12, 8;
    %pushi/vec4 5, 0, 3;
    %store/vec4 v0x2c5472a0_0, 0, 3;
    %jmp T_2.13;
T_2.12 ;
    %load/vec4 v0x2c5471e0_0;
    %flag_set/vec4 8;
    %jmp/0xz  T_2.14, 8;
    %pushi/vec4 1, 0, 3;
    %store/vec4 v0x2c5472a0_0, 0, 3;
    %jmp T_2.15;
T_2.14 ;
    %pushi/vec4 3, 0, 3;
    %store/vec4 v0x2c5472a0_0, 0, 3;
T_2.15 ;
T_2.13 ;
T_2.11 ;
    %jmp T_2.7;
T_2.3 ;
    %pushi/vec4 1, 0, 3;
    %store/vec4 v0x2c5472a0_0, 0, 3;
    %jmp T_2.7;
T_2.4 ;
    %pushi/vec4 5, 0, 3;
    %store/vec4 v0x2c5472a0_0, 0, 3;
    %jmp T_2.7;
T_2.5 ;
    %load/vec4 v0x2c546df0_0;
    %addi 1, 0, 6;
    %store/vec4 v0x2c546df0_0, 0, 6;
    %load/vec4 v0x2c546df0_0;
    %pad/u 32;
    %cmpi/u 30, 0, 32;
    %flag_or 5, 4; GT is !LE
    %flag_inv 5;
    %flag_mov 8, 5;
    %jmp/0 T_2.16, 8;
    %pushi/vec4 0, 0, 3;
    %jmp/1 T_2.17, 8;
T_2.16 ; End of true expr.
    %pushi/vec4 5, 0, 3;
    %jmp/0 T_2.17, 8;
 ; End of false expr.
    %blend;
T_2.17;
    %store/vec4 v0x2c5472a0_0, 0, 3;
    %jmp T_2.7;
T_2.7 ;
    %pop/vec4 1;
    %jmp T_2;
    .thread T_2;
    .scope S_0x2c5466a0;
T_3 ;
    %wait E_0x2c4cff80;
    %load/vec4 v0x2c5472a0_0;
    %dup/vec4;
    %pushi/vec4 0, 0, 3;
    %cmp/u;
    %jmp/1 T_3.0, 6;
    %dup/vec4;
    %pushi/vec4 1, 0, 3;
    %cmp/u;
    %jmp/1 T_3.1, 6;
    %dup/vec4;
    %pushi/vec4 2, 0, 3;
    %cmp/u;
    %jmp/1 T_3.2, 6;
    %dup/vec4;
    %pushi/vec4 3, 0, 3;
    %cmp/u;
    %jmp/1 T_3.3, 6;
    %dup/vec4;
    %pushi/vec4 4, 0, 3;
    %cmp/u;
    %jmp/1 T_3.4, 6;
    %dup/vec4;
    %pushi/vec4 5, 0, 3;
    %cmp/u;
    %jmp/1 T_3.5, 6;
    %pushi/vec4 0, 0, 1;
    %store/vec4 v0x2c5470f0_0, 0, 1;
    %pushi/vec4 0, 0, 1;
    %store/vec4 v0x2c547380_0, 0, 1;
    %pushi/vec4 0, 0, 1;
    %store/vec4 v0x2c546ef0_0, 0, 1;
    %pushi/vec4 0, 0, 1;
    %store/vec4 v0x2c547050_0, 0, 1;
    %pushi/vec4 0, 0, 1;
    %store/vec4 v0x2c546fb0_0, 0, 1;
    %jmp T_3.7;
T_3.0 ;
    %pushi/vec4 1, 0, 1;
    %store/vec4 v0x2c5470f0_0, 0, 1;
    %pushi/vec4 0, 0, 1;
    %store/vec4 v0x2c547380_0, 0, 1;
    %pushi/vec4 0, 0, 1;
    %store/vec4 v0x2c546ef0_0, 0, 1;
    %pushi/vec4 0, 0, 1;
    %store/vec4 v0x2c547050_0, 0, 1;
    %pushi/vec4 0, 0, 1;
    %store/vec4 v0x2c546fb0_0, 0, 1;
    %jmp T_3.7;
T_3.1 ;
    %pushi/vec4 0, 0, 1;
    %store/vec4 v0x2c5470f0_0, 0, 1;
    %pushi/vec4 1, 0, 1;
    %store/vec4 v0x2c547380_0, 0, 1;
    %pushi/vec4 1, 0, 1;
    %store/vec4 v0x2c546ef0_0, 0, 1;
    %pushi/vec4 0, 0, 1;
    %store/vec4 v0x2c547050_0, 0, 1;
    %pushi/vec4 0, 0, 1;
    %store/vec4 v0x2c546fb0_0, 0, 1;
    %jmp T_3.7;
T_3.2 ;
    %pushi/vec4 0, 0, 1;
    %store/vec4 v0x2c5470f0_0, 0, 1;
    %pushi/vec4 0, 0, 1;
    %store/vec4 v0x2c547380_0, 0, 1;
    %pushi/vec4 0, 0, 1;
    %store/vec4 v0x2c546ef0_0, 0, 1;
    %pushi/vec4 0, 0, 1;
    %store/vec4 v0x2c547050_0, 0, 1;
    %pushi/vec4 0, 0, 1;
    %store/vec4 v0x2c546fb0_0, 0, 1;
    %jmp T_3.7;
T_3.3 ;
    %pushi/vec4 1, 0, 1;
    %store/vec4 v0x2c5470f0_0, 0, 1;
    %pushi/vec4 0, 0, 1;
    %store/vec4 v0x2c547380_0, 0, 1;
    %pushi/vec4 0, 0, 1;
    %store/vec4 v0x2c546ef0_0, 0, 1;
    %pushi/vec4 1, 0, 1;
    %store/vec4 v0x2c547050_0, 0, 1;
    %pushi/vec4 0, 0, 1;
    %store/vec4 v0x2c546fb0_0, 0, 1;
    %jmp T_3.7;
T_3.4 ;
    %pushi/vec4 0, 0, 1;
    %store/vec4 v0x2c5470f0_0, 0, 1;
    %pushi/vec4 0, 0, 1;
    %store/vec4 v0x2c547380_0, 0, 1;
    %pushi/vec4 0, 0, 1;
    %store/vec4 v0x2c546ef0_0, 0, 1;
    %pushi/vec4 0, 0, 1;
    %store/vec4 v0x2c547050_0, 0, 1;
    %pushi/vec4 0, 0, 1;
    %store/vec4 v0x2c546fb0_0, 0, 1;
    %jmp T_3.7;
T_3.5 ;
    %pushi/vec4 0, 0, 1;
    %store/vec4 v0x2c5470f0_0, 0, 1;
    %pushi/vec4 0, 0, 1;
    %store/vec4 v0x2c547380_0, 0, 1;
    %pushi/vec4 0, 0, 1;
    %store/vec4 v0x2c546ef0_0, 0, 1;
    %pushi/vec4 0, 0, 1;
    %store/vec4 v0x2c547050_0, 0, 1;
    %pushi/vec4 1, 0, 1;
    %store/vec4 v0x2c546fb0_0, 0, 1;
    %jmp T_3.7;
T_3.7 ;
    %pop/vec4 1;
    %jmp T_3;
    .thread T_3, $push;
    .scope S_0x2c4f2e80;
T_4 ;
    %wait E_0x2c4e5330;
    %load/vec4 v0x2c4df210_0;
    %flag_set/vec4 8;
    %jmp/0xz  T_4.0, 8;
    %pushi/vec4 32, 0, 6;
    %assign/vec4 v0x2c546520_0, 0;
    %jmp T_4.1;
T_4.0 ;
    %load/vec4 v0x2c4dec00_0;
    %flag_set/vec4 8;
    %jmp/0xz  T_4.2, 8;
    %load/vec4 v0x2c546520_0;
    %subi 1, 0, 6;
    %assign/vec4 v0x2c546520_0, 0;
T_4.2 ;
T_4.1 ;
    %jmp T_4;
    .thread T_4;
    .scope S_0x2c549150;
T_5 ;
    %wait E_0x2c4e5330;
    %load/vec4 v0x2c549690_0;
    %flag_set/vec4 8;
    %jmp/0xz  T_5.0, 8;
    %load/vec4 v0x2c5495d0_0;
    %assign/vec4 v0x2c549830_0, 0;
    %load/vec4 v0x2c5495d0_0;
    %parti/s 1, 31, 6;
    %assign/vec4 v0x2c549760_0, 0;
    %jmp T_5.1;
T_5.0 ;
    %load/vec4 v0x2c549920_0;
    %flag_set/vec4 8;
    %jmp/0xz  T_5.2, 8;
    %load/vec4 v0x2c549830_0;
    %parti/s 31, 0, 2;
    %concati/vec4 0, 0, 1;
    %assign/vec4 v0x2c549830_0, 0;
    %load/vec4 v0x2c549830_0;
    %parti/s 1, 30, 6;
    %assign/vec4 v0x2c549760_0, 0;
    %jmp T_5.3;
T_5.2 ;
    %load/vec4 v0x2c549510_0;
    %flag_set/vec4 8;
    %jmp/0xz  T_5.4, 8;
    %pushi/vec4 1, 0, 1;
    %ix/load 4, 0, 0;
    %ix/load 5, 0, 0;
    %flag_set/imm 4, 0;
    %assign/vec4/off/d v0x2c549830_0, 4, 5;
T_5.4 ;
T_5.3 ;
T_5.1 ;
    %jmp T_5;
    .thread T_5;
    .scope S_0x2c5486b0;
T_6 ;
    %wait E_0x2c4e5330;
    %load/vec4 v0x2c548a60_0;
    %flag_set/vec4 8;
    %jmp/0xz  T_6.0, 8;
    %pushi/vec4 0, 0, 32;
    %assign/vec4 v0x2c548d00_0, 0;
    %jmp T_6.1;
T_6.0 ;
    %load/vec4 v0x2c548b70_0;
    %flag_set/vec4 8;
    %jmp/0xz  T_6.2, 8;
    %load/vec4 v0x2c548ec0_0;
    %assign/vec4 v0x2c548d00_0, 0;
    %jmp T_6.3;
T_6.2 ;
    %load/vec4 v0x2c548dd0_0;
    %flag_set/vec4 8;
    %jmp/0xz  T_6.4, 8;
    %load/vec4 v0x2c548d00_0;
    %parti/s 31, 0, 2;
    %load/vec4 v0x2c548c30_0;
    %concat/vec4; draw_concat_vec4
    %assign/vec4 v0x2c548d00_0, 0;
T_6.4 ;
T_6.3 ;
T_6.1 ;
    %jmp T_6;
    .thread T_6;
    .scope S_0x2c4e1720;
T_7 ;
    %wait E_0x2c4e55e0;
    %load/vec4 v0x2c54c370_0;
    %flag_set/vec4 8;
    %jmp/0xz  T_7.0, 8;
    %load/vec4 v0x2c54c1f0_0;
    %dup/vec4;
    %pushi/vec4 4, 0, 5;
    %cmp/u;
    %jmp/1 T_7.2, 6;
    %dup/vec4;
    %pushi/vec4 8, 0, 5;
    %cmp/u;
    %jmp/1 T_7.3, 6;
    %dup/vec4;
    %pushi/vec4 12, 0, 5;
    %cmp/u;
    %jmp/1 T_7.4, 6;
    %dup/vec4;
    %pushi/vec4 16, 0, 5;
    %cmp/u;
    %jmp/1 T_7.5, 6;
    %dup/vec4;
    %pushi/vec4 20, 0, 5;
    %cmp/u;
    %jmp/1 T_7.6, 6;
    %dup/vec4;
    %pushi/vec4 24, 0, 5;
    %cmp/u;
    %jmp/1 T_7.7, 6;
    %pushi/vec4 0, 0, 6;
    %store/vec4 v0x2c54c8a0_0, 0, 6;
    %jmp T_7.9;
T_7.2 ;
    %pushi/vec4 1, 0, 6;
    %store/vec4 v0x2c54c8a0_0, 0, 6;
    %jmp T_7.9;
T_7.3 ;
    %pushi/vec4 2, 0, 6;
    %store/vec4 v0x2c54c8a0_0, 0, 6;
    %jmp T_7.9;
T_7.4 ;
    %pushi/vec4 4, 0, 6;
    %store/vec4 v0x2c54c8a0_0, 0, 6;
    %jmp T_7.9;
T_7.5 ;
    %pushi/vec4 8, 0, 6;
    %store/vec4 v0x2c54c8a0_0, 0, 6;
    %jmp T_7.9;
T_7.6 ;
    %pushi/vec4 16, 0, 6;
    %store/vec4 v0x2c54c8a0_0, 0, 6;
    %jmp T_7.9;
T_7.7 ;
    %pushi/vec4 32, 0, 6;
    %store/vec4 v0x2c54c8a0_0, 0, 6;
    %jmp T_7.9;
T_7.9 ;
    %pop/vec4 1;
    %jmp T_7.1;
T_7.0 ;
    %pushi/vec4 0, 0, 6;
    %store/vec4 v0x2c54c8a0_0, 0, 6;
T_7.1 ;
    %jmp T_7;
    .thread T_7, $push;
    .scope S_0x2c4e1720;
T_8 ;
    %wait E_0x2c4e5330;
    %load/vec4 v0x2c54c7e0_0;
    %flag_set/vec4 8;
    %jmp/0xz  T_8.0, 8;
    %pushi/vec4 0, 0, 32;
    %assign/vec4 v0x2c54bf70_0, 0;
    %pushi/vec4 0, 0, 32;
    %assign/vec4 v0x2c54beb0_0, 0;
    %pushi/vec4 0, 0, 1;
    %assign/vec4 v0x2c54c680_0, 0;
    %jmp T_8.1;
T_8.0 ;
    %load/vec4 v0x2c54c370_0;
    %flag_set/vec4 9;
    %flag_get/vec4 9;
    %jmp/0 T_8.4, 9;
    %load/vec4 v0x2c54c980_0;
    %and;
T_8.4;
    %flag_set/vec4 8;
    %jmp/0xz  T_8.2, 8;
    %load/vec4 v0x2c54c8a0_0;
    %parti/s 1, 0, 2;
    %flag_set/vec4 8;
    %jmp/0 T_8.5, 8;
    %load/vec4 v0x2c54c430_0;
    %jmp/1 T_8.6, 8;
T_8.5 ; End of true expr.
    %load/vec4 v0x2c54bf70_0;
    %jmp/0 T_8.6, 8;
 ; End of false expr.
    %blend;
T_8.6;
    %assign/vec4 v0x2c54bf70_0, 0;
    %load/vec4 v0x2c54c8a0_0;
    %parti/s 1, 1, 2;
    %flag_set/vec4 8;
    %jmp/0 T_8.7, 8;
    %load/vec4 v0x2c54c430_0;
    %jmp/1 T_8.8, 8;
T_8.7 ; End of true expr.
    %load/vec4 v0x2c54beb0_0;
    %jmp/0 T_8.8, 8;
 ; End of false expr.
    %blend;
T_8.8;
    %assign/vec4 v0x2c54beb0_0, 0;
    %load/vec4 v0x2c54c8a0_0;
    %parti/s 1, 2, 3;
    %flag_set/vec4 8;
    %jmp/0 T_8.9, 8;
    %load/vec4 v0x2c54c430_0;
    %parti/s 1, 0, 2;
    %jmp/1 T_8.10, 8;
T_8.9 ; End of true expr.
    %pushi/vec4 0, 0, 1;
    %jmp/0 T_8.10, 8;
 ; End of false expr.
    %blend;
T_8.10;
    %assign/vec4 v0x2c54c680_0, 0;
T_8.2 ;
T_8.1 ;
    %jmp T_8;
    .thread T_8;
    .scope S_0x2c4e1720;
T_9 ;
    %wait E_0x2c4e5330;
    %load/vec4 v0x2c54c7e0_0;
    %flag_set/vec4 8;
    %jmp/0xz  T_9.0, 8;
    %pushi/vec4 0, 0, 32;
    %assign/vec4 v0x2c54c5a0_0, 0;
    %jmp T_9.1;
T_9.0 ;
    %load/vec4 v0x2c54c370_0;
    %flag_set/vec4 9;
    %flag_get/vec4 9;
    %jmp/0 T_9.4, 9;
    %load/vec4 v0x2c54c720_0;
    %and;
T_9.4;
    %flag_set/vec4 8;
    %jmp/0xz  T_9.2, 8;
    %load/vec4 v0x2c54c8a0_0;
    %dup/vec4;
    %pushi/vec4 8, 0, 6;
    %cmp/u;
    %jmp/1 T_9.5, 6;
    %dup/vec4;
    %pushi/vec4 16, 0, 6;
    %cmp/u;
    %jmp/1 T_9.6, 6;
    %dup/vec4;
    %pushi/vec4 32, 0, 6;
    %cmp/u;
    %jmp/1 T_9.7, 6;
    %pushi/vec4 0, 0, 32;
    %assign/vec4 v0x2c54c5a0_0, 0;
    %jmp T_9.9;
T_9.5 ;
    %load/vec4 v0x2c54c0b0_0;
    %assign/vec4 v0x2c54c5a0_0, 0;
    %jmp T_9.9;
T_9.6 ;
    %load/vec4 v0x2c54c010_0;
    %assign/vec4 v0x2c54c5a0_0, 0;
    %jmp T_9.9;
T_9.7 ;
    %pushi/vec4 0, 0, 31;
    %load/vec4 v0x2c54bdf0_0;
    %concat/vec4; draw_concat_vec4
    %assign/vec4 v0x2c54c5a0_0, 0;
    %jmp T_9.9;
T_9.9 ;
    %pop/vec4 1;
T_9.2 ;
T_9.1 ;
    %jmp T_9;
    .thread T_9;
    .scope S_0x2c4e2070;
T_10 ;
    %delay 5000, 0;
    %load/vec4 v0x2c54d2a0_0;
    %inv;
    %store/vec4 v0x2c54d2a0_0, 0, 1;
    %jmp T_10;
    .thread T_10;
    .scope S_0x2c4e2070;
T_11 ;
    %vpi_call 2 74 "$dumpfile", "tb_Periferico_Divisor.vcd" {0 0 0};
    %vpi_call 2 75 "$dumpvars", 32'sb00000000000000000000000000000000, S_0x2c4e2070 {0 0 0};
    %pushi/vec4 0, 0, 1;
    %store/vec4 v0x2c54d2a0_0, 0, 1;
    %pushi/vec4 1, 0, 1;
    %store/vec4 v0x2c54d6a0_0, 0, 1;
    %pushi/vec4 0, 0, 1;
    %store/vec4 v0x2c54d340_0, 0, 1;
    %pushi/vec4 0, 0, 1;
    %store/vec4 v0x2c54d5d0_0, 0, 1;
    %pushi/vec4 0, 0, 1;
    %store/vec4 v0x2c54d770_0, 0, 1;
    %pushi/vec4 0, 0, 5;
    %store/vec4 v0x2c54d1c0_0, 0, 5;
    %pushi/vec4 0, 0, 32;
    %store/vec4 v0x2c54d410_0, 0, 32;
    %delay 20000, 0;
    %pushi/vec4 0, 0, 1;
    %store/vec4 v0x2c54d6a0_0, 0, 1;
    %pushi/vec4 4, 0, 5;
    %store/vec4 v0x2c54d0e0_0, 0, 5;
    %pushi/vec4 4294967271, 0, 32;
    %store/vec4 v0x2c54d000_0, 0, 32;
    %fork TD_tb_Periferico_Divisor.WRITE, S_0x2c54ce20;
    %join;
    %pushi/vec4 8, 0, 5;
    %store/vec4 v0x2c54d0e0_0, 0, 5;
    %pushi/vec4 3, 0, 32;
    %store/vec4 v0x2c54d000_0, 0, 32;
    %fork TD_tb_Periferico_Divisor.WRITE, S_0x2c54ce20;
    %join;
    %pushi/vec4 12, 0, 5;
    %store/vec4 v0x2c54d0e0_0, 0, 5;
    %pushi/vec4 1, 0, 32;
    %store/vec4 v0x2c54d000_0, 0, 32;
    %fork TD_tb_Periferico_Divisor.WRITE, S_0x2c54ce20;
    %join;
T_11.0 ;
    %load/vec4 v0x2c54bdf0_0;
    %pushi/vec4 1, 0, 1;
    %cmp/e;
    %flag_get/vec4 4;
    %cmpi/ne 1, 0, 1;
    %jmp/0xz T_11.1, 6;
    %wait E_0x2c4acc10;
    %jmp T_11.0;
T_11.1 ;
    %pushi/vec4 16, 0, 5;
    %store/vec4 v0x2c54cd40_0, 0, 5;
    %fork TD_tb_Periferico_Divisor.READ, S_0x2c54cb40;
    %join;
    %pushi/vec4 20, 0, 5;
    %store/vec4 v0x2c54cd40_0, 0, 5;
    %fork TD_tb_Periferico_Divisor.READ, S_0x2c54cb40;
    %join;
    %pushi/vec4 24, 0, 5;
    %store/vec4 v0x2c54cd40_0, 0, 5;
    %fork TD_tb_Periferico_Divisor.READ, S_0x2c54cb40;
    %join;
    %delay 50000, 0;
    %vpi_call 2 123 "$finish" {0 0 0};
    %end;
    .thread T_11;
# The file index is used to find the file name in the following table.
:file_names 11;
    "N/A";
    "<interactive>";
    "Testbench_Divisor.v";
    "Periferico_Divisor.v";
    "Top_Divisor.v";
    "Contador_Divisor.v";
    "Control_Divisor.v";
    "Corregir_Divisor.v";
    "RegistroA_Divisor.v";
    "RegistroDV_Divisor.v";
    "Sumador_Divisor.v";
# EOF
