
Memory Configuration

Name             Origin             Length             Attributes
BRAM             0x0000000000000000 0x0000000000004000 xrw
*default*        0x0000000000000000 0xffffffffffffffff

Linker script and memory map


everything      0x0000000000000000      0x6d6
                0x0000000000000000                . = ALIGN (0x4)
 Calculadora.o(.text)
 .text          0x0000000000000000      0x134 Calculadora.o
                0x0000000000000000                calculator
 *(.*)
 .data          0x0000000000000134       0x60 Calculadora.o
 .bss           0x0000000000000194        0x0 Calculadora.o
 .riscv.attributes
                0x0000000000000194       0x1a Calculadora.o
 *fill*         0x00000000000001ae        0x2 
 .text          0x00000000000001b0       0x2c B_BCD.o
                0x00000000000001b0                bin2bcd_hw
 .data          0x00000000000001dc        0x0 B_BCD.o
 .bss           0x00000000000001dc        0x0 B_BCD.o
 .riscv.attributes
                0x00000000000001dc       0x1a B_BCD.o
 *fill*         0x00000000000001f6        0x2 
 .text          0x00000000000001f8       0x40 BCD_B.o
                0x00000000000001f8                bcd2bin
 .data          0x0000000000000238        0x0 BCD_B.o
 .bss           0x0000000000000238        0x0 BCD_B.o
 .riscv.attributes
                0x0000000000000238       0x1a BCD_B.o
 *fill*         0x0000000000000252        0x2 
 .text          0x0000000000000254       0x30 Divisor.o
                0x0000000000000254                div_hw
 .data          0x0000000000000284        0x0 Divisor.o
 .bss           0x0000000000000284        0x0 Divisor.o
 .riscv.attributes
                0x0000000000000284       0x1a Divisor.o
 *fill*         0x000000000000029e        0x2 
 .text          0x00000000000002a0        0x0 dpram.o
 .data          0x00000000000002a0        0x0 dpram.o
 .bss           0x00000000000002a0        0x0 dpram.o
 .riscv.attributes
                0x00000000000002a0       0x1a dpram.o
 *fill*         0x00000000000002ba        0x2 
 .text          0x00000000000002bc       0x3c getchar.o
                0x00000000000002bc                getchar
 .data          0x00000000000002f8        0x0 getchar.o
 .bss           0x00000000000002f8        0x0 getchar.o
 .riscv.attributes
                0x00000000000002f8       0x1a getchar.o
 *fill*         0x0000000000000312        0x2 
 .text          0x0000000000000314      0x108 get_number.o
                0x0000000000000314                get_number
 .data          0x000000000000041c        0x0 get_number.o
 .bss           0x000000000000041c        0x0 get_number.o
 .riscv.attributes
                0x000000000000041c       0x1a get_number.o
 *fill*         0x0000000000000436        0x2 
 .text          0x0000000000000438       0x30 Multiplicador.o
                0x0000000000000438                mult_hw
 .data          0x0000000000000468        0x0 Multiplicador.o
 .bss           0x0000000000000468        0x0 Multiplicador.o
 .riscv.attributes
                0x0000000000000468       0x1a Multiplicador.o
 *fill*         0x0000000000000482        0x2 
 .text          0x0000000000000484       0x4c putchar.o
                0x0000000000000484                putchar
 .data          0x00000000000004d0        0x0 putchar.o
 .bss           0x00000000000004d0        0x0 putchar.o
 .riscv.attributes
                0x00000000000004d0       0x1a putchar.o
 *fill*         0x00000000000004ea        0x2 
 .text          0x00000000000004ec       0x2c putstring.o
                0x00000000000004ec                putstring
 .data          0x0000000000000518        0x0 putstring.o
 .bss           0x0000000000000518        0x0 putstring.o
 .riscv.attributes
                0x0000000000000518       0x1a putstring.o
 *fill*         0x0000000000000532        0x2 
 .text          0x0000000000000534       0x44 Raiz.o
                0x0000000000000534                sqrt_hw
 .data          0x0000000000000578        0x0 Raiz.o
 .bss           0x0000000000000578        0x0 Raiz.o
 .riscv.attributes
                0x0000000000000578       0x1a Raiz.o
 *fill*         0x0000000000000592        0x2 
 .text          0x0000000000000594       0xd4 start.o
                0x0000000000000594                start
                0x000000000000059c                blinker
 .data          0x0000000000000668       0x13 start.o
 .bss           0x000000000000067b        0x0 start.o
 .riscv.attributes
                0x000000000000067b       0x1a start.o
 *fill*         0x0000000000000695        0x3 
 .text          0x0000000000000698       0x24 wait.o
                0x0000000000000698                wait
 .data          0x00000000000006bc        0x0 wait.o
 .bss           0x00000000000006bc        0x0 wait.o
 .riscv.attributes
                0x00000000000006bc       0x1a wait.o
LOAD B_BCD.o
LOAD BCD_B.o
LOAD Calculadora.o
LOAD Divisor.o
LOAD dpram.o
LOAD getchar.o
LOAD get_number.o
LOAD Multiplicador.o
LOAD putchar.o
LOAD putstring.o
LOAD Raiz.o
LOAD start.o
LOAD wait.o
OUTPUT(firmware.elf elf32-littleriscv)
