#! /usr/bin/env bash
exec /home/juan-diego/miniconda3/envs/digital/bin/vvp -f "$0" "$@" <<'# EOF'
:ivl_version "13.0 (devel)" "(0_8-6859-gf50cc35d2-dirty)";
:ivl_delay_selection "TYPICAL";
:vpi_time_precision - 12;
:vpi_module "/home/juan-diego/miniconda3/envs/digital/lib/ivl/system.vpi";
:vpi_module "/home/juan-diego/miniconda3/envs/digital/lib/ivl/vhdl_sys.vpi";
:vpi_module "/home/juan-diego/miniconda3/envs/digital/lib/ivl/vhdl_textio.vpi";
:vpi_module "/home/juan-diego/miniconda3/envs/digital/lib/ivl/v2005_math.vpi";
:vpi_module "/home/juan-diego/miniconda3/envs/digital/lib/ivl/va_math.vpi";
S_0x2285d0d0 .scope module, "tb_TOP_I2C" "tb_TOP_I2C" 2 3;
 .timescale -9 -12;
P_0x227b7870 .param/l "CLK_FREQ_HZ" 1 2 5, +C4<00000000100110001001011010000000>;
P_0x227b78b0 .param/l "CLK_PERIOD" 1 2 7, +C4<00000000000000000000000001100100>;
P_0x227b78f0 .param/l "I2C_FREQ_HZ" 1 2 6, +C4<00000000000011110100001001000000>;
v0x2288bda0_0 .net "SCL", 0 0, L_0x2288d540;  1 drivers
L_0x227defd0 .functor BUFT 1, C8<551>, C4<0>, C4<0>, C4<0>;
RS_0x70519a63f1e8 .resolv tri1, L_0x2288d130, L_0x227defd0, L_0x2288d270;
v0x2288be60_0 .net8 "SDA", 0 0, RS_0x70519a63f1e8;  3 drivers, strength-aware
L_0x70519a3b7018 .functor BUFT 1, C4<0>, C4<0>, C4<0>, C4<0>;
v0x2288bf00_0 .net/2u *"_ivl_0", 0 0, L_0x70519a3b7018;  1 drivers
o0x70519a63f638 .functor BUFZ 1, C4<z>; HiZ drive
; Elide local net with no drivers, v0x2288bfa0_0 name=_ivl_2
v0x2288c060_0 .net "ack_error", 0 0, v0x228878a0_0;  1 drivers
v0x2288c1a0_0 .var/i "bit_cnt", 31 0;
v0x2288c280_0 .net "busy", 0 0, v0x22887960_0;  1 drivers
v0x2288c370_0 .net "byte_done", 0 0, v0x22887a00_0;  1 drivers
v0x2288c460_0 .var "bytes_enviados_master", 7 0;
v0x2288c540_0 .var "bytes_recibidos_master", 7 0;
v0x2288c620_0 .var "clk", 0 0;
v0x2288c6c0_0 .var "data_to_master", 7 0;
v0x2288c7a0_0 .net "done", 0 0, v0x22887e80_0;  1 drivers
v0x2288c840_0 .var "frame_idx", 7 0;
v0x2288c920_0 .var "num_bytes", 7 0;
v0x2288ca30_0 .var "rst", 0 0;
v0x2288cad0_0 .var "rw", 0 0;
v0x2288cbc0_0 .net "rx_data", 7 0, L_0x2283ac00;  1 drivers
v0x2288ccd0_0 .var "shift_reg_esclavo", 7 0;
v0x2288cdb0_0 .var "slave_drive_low", 0 0;
v0x2288ce70_0 .var "slave_rw", 0 0;
v0x2288cf30_0 .var "start", 0 0;
v0x2288d020_0 .var "tx_byte", 7 0;
E_0x227ef7f0 .event posedge, v0x22887e80_0;
E_0x227ef3c0 .event posedge, v0x22887a00_0;
E_0x227ef890 .event negedge, v0x22889cd0_0;
E_0x227d9e80 .event posedge, v0x22889cd0_0;
E_0x2286a1d0 .event posedge, v0x22845d70_0, v0x22888870_0;
L_0x2288d130 .functor MUXZ 1, o0x70519a63f638, L_0x70519a3b7018, v0x2288cdb0_0, C4<>;
S_0x22845500 .scope begin, "FRAME_DIRECCION" "FRAME_DIRECCION" 2 102, 2 102 0, S_0x2285d0d0;
 .timescale -9 -12;
S_0x22845f10 .scope begin, "FRAME_ESCRITURA" "FRAME_ESCRITURA" 2 107, 2 107 0, S_0x2285d0d0;
 .timescale -9 -12;
S_0x22846710 .scope begin, "FRAME_LECTURA_ACK" "FRAME_LECTURA_ACK" 2 111, 2 111 0, S_0x2285d0d0;
 .timescale -9 -12;
S_0x2286b1e0 .scope task, "aplicar_reset" "aplicar_reset" 2 57, 2 57 0, S_0x2285d0d0;
 .timescale -9 -12;
TD_tb_TOP_I2C.aplicar_reset ;
    %pushi/vec4 1, 0, 1;
    %store/vec4 v0x2288ca30_0, 0, 1;
    %pushi/vec4 0, 0, 1;
    %store/vec4 v0x2288cf30_0, 0, 1;
    %pushi/vec4 0, 0, 1;
    %store/vec4 v0x2288cad0_0, 0, 1;
    %pushi/vec4 0, 0, 8;
    %store/vec4 v0x2288d020_0, 0, 8;
    %pushi/vec4 0, 0, 8;
    %store/vec4 v0x2288c920_0, 0, 8;
    %pushi/vec4 0, 0, 1;
    %store/vec4 v0x2288cdb0_0, 0, 1;
    %pushi/vec4 0, 0, 8;
    %store/vec4 v0x2288c460_0, 0, 8;
    %pushi/vec4 0, 0, 8;
    %store/vec4 v0x2288c540_0, 0, 8;
    %delay 500000, 0;
    %pushi/vec4 0, 0, 1;
    %store/vec4 v0x2288ca30_0, 0, 1;
    %delay 200000, 0;
    %end;
S_0x227f11e0 .scope module, "uut" "TOP_I2C" 2 38, 3 1 0, S_0x2285d0d0;
 .timescale -9 -12;
    .port_info 0 /INPUT 1 "clk";
    .port_info 1 /INPUT 1 "rst";
    .port_info 2 /INPUT 1 "start";
    .port_info 3 /INPUT 1 "rw";
    .port_info 4 /INPUT 8 "tx_byte";
    .port_info 5 /INPUT 8 "num_bytes";
    .port_info 6 /OUTPUT 8 "rx_data";
    .port_info 7 /OUTPUT 1 "busy";
    .port_info 8 /OUTPUT 1 "done";
    .port_info 9 /OUTPUT 1 "ack_error";
    .port_info 10 /OUTPUT 1 "byte_done";
    .port_info 11 /INOUT 1 "SDA";
    .port_info 12 /INOUT 1 "SCL";
P_0x228661c0 .param/l "CLK_FREQ_HZ" 0 3 2, +C4<00000000100110001001011010000000>;
P_0x22866200 .param/l "I2C_FREQ_HZ" 0 3 3, +C4<00000000000011110100001001000000>;
L_0x227df040 .functor BUFZ 1, v0x2288b590_0, C4<0>, C4<0>, C4<0>;
L_0x2284d380 .functor NOT 1, L_0x2288d6d0, C4<0>, C4<0>, C4<0>;
v0x22889cd0_0 .net "SCL", 0 0, L_0x2288d540;  alias, 1 drivers
v0x22889db0_0 .net8 "SDA", 0 0, RS_0x70519a63f1e8;  alias, 3 drivers, strength-aware
o0x70519a63f218 .functor BUFZ 1, C4<z>; HiZ drive
; Elide local net with no drivers, v0x22889e70_0 name=_ivl_12
L_0x70519a3b70a8 .functor BUFT 1, C4<0>, C4<0>, C4<0>, C4<0>;
v0x22889f60_0 .net/2u *"_ivl_14", 0 0, L_0x70519a3b70a8;  1 drivers
L_0x70519a3b7060 .functor BUFT 1, C4<0>, C4<0>, C4<0>, C4<0>;
v0x2288a040_0 .net/2u *"_ivl_2", 0 0, L_0x70519a3b7060;  1 drivers
o0x70519a63f2a8 .functor BUFZ 1, C4<z>; HiZ drive
; Elide local net with no drivers, v0x2288a120_0 name=_ivl_4
v0x2288a200_0 .net *"_ivl_8", 0 0, L_0x2284d380;  1 drivers
v0x2288a2e0_0 .net "ack_error", 0 0, v0x228878a0_0;  alias, 1 drivers
v0x2288a380_0 .net "bit_value", 2 0, L_0x22869890;  1 drivers
v0x2288a450_0 .net "busy", 0 0, v0x22887960_0;  alias, 1 drivers
v0x2288a520_0 .net "byte_done", 0 0, v0x22887a00_0;  alias, 1 drivers
v0x2288a5f0_0 .net "byte_value", 7 0, L_0x2286a030;  1 drivers
v0x2288a690_0 .net "clk", 0 0, v0x2288c620_0;  1 drivers
v0x2288a730_0 .net "dec_bit_counter", 0 0, v0x22887c70_0;  1 drivers
v0x2288a7d0_0 .net "dec_byte_counter", 0 0, v0x22887d10_0;  1 drivers
v0x2288a8c0_0 .net "done", 0 0, v0x22887e80_0;  alias, 1 drivers
v0x2288a960_0 .net "load_bit_counter", 0 0, v0x22887f20_0;  1 drivers
v0x2288aa50_0 .net "load_byte_counter", 0 0, v0x22887ff0_0;  1 drivers
v0x2288ab40_0 .net "load_shift", 0 0, v0x228880c0_0;  1 drivers
v0x2288ac30_0 .net "num_bytes", 7 0, v0x2288c920_0;  1 drivers
v0x2288acd0_0 .net "rst", 0 0, v0x2288ca30_0;  1 drivers
v0x2288ad70_0 .net "rw", 0 0, v0x2288cad0_0;  1 drivers
v0x2288ae10_0 .net "rx_data", 7 0, L_0x2283ac00;  alias, 1 drivers
v0x2288aeb0_0 .net "scl_enable", 0 0, v0x228882a0_0;  1 drivers
v0x2288afa0_0 .net "scl_fall", 0 0, v0x22886830_0;  1 drivers
v0x2288b090_0 .net "scl_internal", 0 0, v0x22886720_0;  1 drivers
v0x2288b130_0 .net "scl_rise", 0 0, v0x228868f0_0;  1 drivers
v0x2288b220_0 .net "sda_force_low", 0 0, v0x22888510_0;  1 drivers
v0x2288b2c0_0 .net "sda_in", 0 0, L_0x227df040;  1 drivers
v0x2288b3b0_0 .var "sda_meta", 0 0;
v0x2288b450_0 .net "sda_mux_sel", 0 0, v0x22888650_0;  1 drivers
v0x2288b4f0_0 .net "sda_pull_low", 0 0, L_0x2288d360;  1 drivers
v0x2288b590_0 .var "sda_sync", 0 0;
v0x2288b630_0 .net "shift_rx", 0 0, v0x228886f0_0;  1 drivers
v0x2288b720_0 .net "shift_tx", 0 0, v0x228887b0_0;  1 drivers
v0x2288b810_0 .net "start", 0 0, v0x2288cf30_0;  1 drivers
v0x2288b8b0_0 .net "store_rx", 0 0, v0x22888930_0;  1 drivers
v0x2288b9a0_0 .net "tx_bit", 0 0, L_0x2288d6d0;  1 drivers
v0x2288ba40_0 .net "tx_byte", 7 0, v0x2288d020_0;  1 drivers
v0x2288bae0_0 .net "z_bits", 0 0, L_0x2288d770;  1 drivers
v0x2288bbd0_0 .net "z_bytes", 0 0, L_0x2288d950;  1 drivers
L_0x2288d270 .functor MUXZ 1, o0x70519a63f2a8, L_0x70519a3b7060, L_0x2288d360, C4<>;
L_0x2288d360 .functor MUXZ 1, L_0x2284d380, v0x22888510_0, v0x22888650_0, C4<>;
L_0x2288d540 .functor MUXZ 1, L_0x70519a3b70a8, o0x70519a63f218, v0x22886720_0, C4<>;
S_0x227f4600 .scope module, "BIT_COUNTER" "CONTADOR_BITS" 3 94, 4 1 0, S_0x227f11e0;
 .timescale 0 0;
    .port_info 0 /INPUT 1 "clk";
    .port_info 1 /INPUT 1 "rst";
    .port_info 2 /INPUT 1 "load";
    .port_info 3 /INPUT 1 "dec";
    .port_info 4 /OUTPUT 1 "z_bits";
    .port_info 5 /OUTPUT 3 "value";
L_0x22869890 .functor BUFZ 3, v0x2284d4d0_0, C4<000>, C4<000>, C4<000>;
L_0x70519a3b70f0 .functor BUFT 1, C4<000>, C4<0>, C4<0>, C4<0>;
v0x22848990_0 .net/2u *"_ivl_0", 2 0, L_0x70519a3b70f0;  1 drivers
v0x22848a90_0 .net "clk", 0 0, v0x2288c620_0;  alias, 1 drivers
v0x2284d4d0_0 .var "count", 2 0;
v0x2284d5a0_0 .net "dec", 0 0, v0x22887c70_0;  alias, 1 drivers
v0x22846d40_0 .net "load", 0 0, v0x22887f20_0;  alias, 1 drivers
v0x22845d70_0 .net "rst", 0 0, v0x2288ca30_0;  alias, 1 drivers
v0x22844cf0_0 .net "value", 2 0, L_0x22869890;  alias, 1 drivers
v0x22885450_0 .net "z_bits", 0 0, L_0x2288d770;  alias, 1 drivers
E_0x2284cbd0 .event posedge, v0x22845d70_0, v0x22848a90_0;
L_0x2288d770 .cmp/eq 3, v0x2284d4d0_0, L_0x70519a3b70f0;
S_0x228855d0 .scope module, "BYTE_COUNTER" "CONTADOR_BYTES" 3 102, 5 1 0, S_0x227f11e0;
 .timescale 0 0;
    .port_info 0 /INPUT 1 "clk";
    .port_info 1 /INPUT 1 "rst";
    .port_info 2 /INPUT 1 "load";
    .port_info 3 /INPUT 1 "dec";
    .port_info 4 /INPUT 8 "num_bytes";
    .port_info 5 /OUTPUT 1 "z_bytes";
    .port_info 6 /OUTPUT 8 "value";
L_0x2286a030 .functor BUFZ 8, v0x22885970_0, C4<00000000>, C4<00000000>, C4<00000000>;
L_0x70519a3b7138 .functor BUFT 1, C4<00000000>, C4<0>, C4<0>, C4<0>;
v0x228857d0_0 .net/2u *"_ivl_0", 7 0, L_0x70519a3b7138;  1 drivers
v0x228858b0_0 .net "clk", 0 0, v0x2288c620_0;  alias, 1 drivers
v0x22885970_0 .var "count", 7 0;
v0x22885a10_0 .net "dec", 0 0, v0x22887d10_0;  alias, 1 drivers
v0x22885ab0_0 .net "load", 0 0, v0x22887ff0_0;  alias, 1 drivers
v0x22885bc0_0 .net "num_bytes", 7 0, v0x2288c920_0;  alias, 1 drivers
v0x22885ca0_0 .net "rst", 0 0, v0x2288ca30_0;  alias, 1 drivers
v0x22885d40_0 .net "value", 7 0, L_0x2286a030;  alias, 1 drivers
v0x22885e00_0 .net "z_bytes", 0 0, L_0x2288d950;  alias, 1 drivers
L_0x2288d950 .cmp/eq 8, v0x22885970_0, L_0x70519a3b7138;
S_0x22885fa0 .scope module, "CLOCK_GEN" "I2C_CLOCK_GENERATOR" 3 74, 6 1 0, S_0x227f11e0;
 .timescale 0 0;
    .port_info 0 /INPUT 1 "clk";
    .port_info 1 /INPUT 1 "rst";
    .port_info 2 /INPUT 1 "enable";
    .port_info 3 /OUTPUT 1 "scl";
    .port_info 4 /OUTPUT 1 "scl_rise";
    .port_info 5 /OUTPUT 1 "scl_fall";
P_0x227df120 .param/l "CLK_FREQ_HZ" 0 6 2, +C4<00000000100110001001011010000000>;
P_0x227df160 .param/l "COUNTER_WIDTH" 1 6 18, +C4<00000000000000000000000000000011>;
P_0x227df1a0 .param/l "HALF_PERIOD" 1 6 15, +C4<0000000000000000000000000000000000000000000000000000000000000101>;
P_0x227df1e0 .param/l "I2C_FREQ_HZ" 0 6 3, +C4<00000000000011110100001001000000>;
v0x228863c0_0 .net "clk", 0 0, v0x2288c620_0;  alias, 1 drivers
v0x228864b0_0 .var "counter", 2 0;
v0x22886590_0 .net "enable", 0 0, v0x228882a0_0;  alias, 1 drivers
v0x22886630_0 .net "rst", 0 0, v0x2288ca30_0;  alias, 1 drivers
v0x22886720_0 .var "scl", 0 0;
v0x22886830_0 .var "scl_fall", 0 0;
v0x228868f0_0 .var "scl_rise", 0 0;
S_0x22886a70 .scope module, "CONTROL" "CONTROL_I2C" 3 111, 7 1 0, S_0x227f11e0;
 .timescale 0 0;
    .port_info 0 /INPUT 1 "clk";
    .port_info 1 /INPUT 1 "rst";
    .port_info 2 /INPUT 1 "start";
    .port_info 3 /INPUT 1 "rw";
    .port_info 4 /INPUT 1 "scl_rise";
    .port_info 5 /INPUT 1 "scl_fall";
    .port_info 6 /INPUT 1 "z_bits";
    .port_info 7 /INPUT 1 "z_bytes";
    .port_info 8 /INPUT 1 "sda_in";
    .port_info 9 /INPUT 8 "byte_value";
    .port_info 10 /OUTPUT 1 "scl_enable";
    .port_info 11 /OUTPUT 1 "sda_mux_sel";
    .port_info 12 /OUTPUT 1 "sda_force_low";
    .port_info 13 /OUTPUT 1 "load_shift";
    .port_info 14 /OUTPUT 1 "shift_tx";
    .port_info 15 /OUTPUT 1 "shift_rx";
    .port_info 16 /OUTPUT 1 "store_rx";
    .port_info 17 /OUTPUT 1 "load_bit_counter";
    .port_info 18 /OUTPUT 1 "dec_bit_counter";
    .port_info 19 /OUTPUT 1 "load_byte_counter";
    .port_info 20 /OUTPUT 1 "dec_byte_counter";
    .port_info 21 /OUTPUT 1 "busy";
    .port_info 22 /OUTPUT 1 "done";
    .port_info 23 /OUTPUT 1 "ack_error";
    .port_info 24 /OUTPUT 1 "byte_done";
P_0x22886c50 .param/l "S_BYTE_DONE" 0 7 37, C4<0001000000>;
P_0x22886c90 .param/l "S_DONE" 0 7 40, C4<1000000000>;
P_0x22886cd0 .param/l "S_IDLE" 0 7 31, C4<0000000001>;
P_0x22886d10 .param/l "S_RX_ACK" 0 7 34, C4<0000001000>;
P_0x22886d50 .param/l "S_RX_DATA" 0 7 35, C4<0000010000>;
P_0x22886d90 .param/l "S_START" 0 7 32, C4<0000000010>;
P_0x22886dd0 .param/l "S_STOP" 0 7 38, C4<0010000000>;
P_0x22886e10 .param/l "S_STOP_WAIT" 0 7 39, C4<0100000000>;
P_0x22886e50 .param/l "S_TX_ACK" 0 7 36, C4<0000100000>;
P_0x22886e90 .param/l "S_TX_DATA" 0 7 33, C4<0000000100>;
v0x228877a0_0 .var "NEXT_STATE", 9 0;
v0x228878a0_0 .var "ack_error", 0 0;
v0x22887960_0 .var "busy", 0 0;
v0x22887a00_0 .var "byte_done", 0 0;
v0x22887ac0_0 .net "byte_value", 7 0, L_0x2286a030;  alias, 1 drivers
v0x22887bd0_0 .net "clk", 0 0, v0x2288c620_0;  alias, 1 drivers
v0x22887c70_0 .var "dec_bit_counter", 0 0;
v0x22887d10_0 .var "dec_byte_counter", 0 0;
v0x22887de0_0 .var "delay_cnt", 7 0;
v0x22887e80_0 .var "done", 0 0;
v0x22887f20_0 .var "load_bit_counter", 0 0;
v0x22887ff0_0 .var "load_byte_counter", 0 0;
v0x228880c0_0 .var "load_shift", 0 0;
v0x22888160_0 .net "rst", 0 0, v0x2288ca30_0;  alias, 1 drivers
v0x22888200_0 .net "rw", 0 0, v0x2288cad0_0;  alias, 1 drivers
v0x228882a0_0 .var "scl_enable", 0 0;
v0x22888370_0 .net "scl_fall", 0 0, v0x22886830_0;  alias, 1 drivers
v0x22888440_0 .net "scl_rise", 0 0, v0x228868f0_0;  alias, 1 drivers
v0x22888510_0 .var "sda_force_low", 0 0;
v0x228885b0_0 .net "sda_in", 0 0, L_0x227df040;  alias, 1 drivers
v0x22888650_0 .var "sda_mux_sel", 0 0;
v0x228886f0_0 .var "shift_rx", 0 0;
v0x228887b0_0 .var "shift_tx", 0 0;
v0x22888870_0 .net "start", 0 0, v0x2288cf30_0;  alias, 1 drivers
v0x22888930_0 .var "store_rx", 0 0;
v0x228889f0_0 .net "z_bits", 0 0, L_0x2288d770;  alias, 1 drivers
v0x22888ac0_0 .net "z_bytes", 0 0, L_0x2288d950;  alias, 1 drivers
E_0x2286a130/0 .event anyedge, v0x228877a0_0, v0x22886830_0, v0x228868f0_0, v0x22885d40_0;
E_0x2286a130/1 .event anyedge, v0x22885e00_0, v0x22888200_0, v0x22887de0_0;
E_0x2286a130 .event/or E_0x2286a130/0, E_0x2286a130/1;
S_0x22888f40 .scope module, "SHIFT" "SHIFT_REGISTER" 3 82, 8 1 0, S_0x227f11e0;
 .timescale 0 0;
    .port_info 0 /INPUT 1 "clk";
    .port_info 1 /INPUT 1 "rst";
    .port_info 2 /INPUT 1 "load";
    .port_info 3 /INPUT 1 "shift_tx";
    .port_info 4 /INPUT 1 "shift_rx";
    .port_info 5 /INPUT 1 "store_rx";
    .port_info 6 /INPUT 8 "tx_byte";
    .port_info 7 /INPUT 1 "sda_in";
    .port_info 8 /OUTPUT 1 "tx_bit";
    .port_info 9 /OUTPUT 8 "rx_data";
L_0x2283ac00 .functor BUFZ 8, v0x22889560_0, C4<00000000>, C4<00000000>, C4<00000000>;
v0x22889270_0 .net "clk", 0 0, v0x2288c620_0;  alias, 1 drivers
v0x22889330_0 .net "load", 0 0, v0x228880c0_0;  alias, 1 drivers
v0x228893f0_0 .net "rst", 0 0, v0x2288ca30_0;  alias, 1 drivers
v0x228894c0_0 .net "rx_data", 7 0, L_0x2283ac00;  alias, 1 drivers
v0x22889560_0 .var "rx_reg", 7 0;
v0x22889620_0 .net "sda_in", 0 0, L_0x227df040;  alias, 1 drivers
v0x228896c0_0 .var "shift_reg", 7 0;
v0x22889780_0 .net "shift_rx", 0 0, v0x228886f0_0;  alias, 1 drivers
v0x22889850_0 .net "shift_tx", 0 0, v0x228887b0_0;  alias, 1 drivers
v0x22889920_0 .net "store_rx", 0 0, v0x22888930_0;  alias, 1 drivers
v0x228899f0_0 .net "tx_bit", 0 0, L_0x2288d6d0;  alias, 1 drivers
v0x22889a90_0 .net "tx_byte", 7 0, v0x2288d020_0;  alias, 1 drivers
L_0x2288d6d0 .part v0x228896c0_0, 7, 1;
    .scope S_0x22885fa0;
T_1 ;
    %wait E_0x2284cbd0;
    %load/vec4 v0x22886630_0;
    %flag_set/vec4 8;
    %jmp/0xz  T_1.0, 8;
    %pushi/vec4 0, 0, 3;
    %assign/vec4 v0x228864b0_0, 0;
    %pushi/vec4 1, 0, 1;
    %assign/vec4 v0x22886720_0, 0;
    %pushi/vec4 0, 0, 1;
    %assign/vec4 v0x228868f0_0, 0;
    %pushi/vec4 0, 0, 1;
    %assign/vec4 v0x22886830_0, 0;
    %jmp T_1.1;
T_1.0 ;
    %load/vec4 v0x22886590_0;
    %nor/r;
    %flag_set/vec4 8;
    %jmp/0xz  T_1.2, 8;
    %pushi/vec4 0, 0, 3;
    %assign/vec4 v0x228864b0_0, 0;
    %pushi/vec4 1, 0, 1;
    %assign/vec4 v0x22886720_0, 0;
    %pushi/vec4 0, 0, 1;
    %assign/vec4 v0x228868f0_0, 0;
    %pushi/vec4 0, 0, 1;
    %assign/vec4 v0x22886830_0, 0;
    %jmp T_1.3;
T_1.2 ;
    %load/vec4 v0x228864b0_0;
    %pad/u 64;
    %cmpi/e 4, 0, 64;
    %jmp/0xz  T_1.4, 4;
    %pushi/vec4 0, 0, 3;
    %assign/vec4 v0x228864b0_0, 0;
    %load/vec4 v0x22886720_0;
    %inv;
    %assign/vec4 v0x22886720_0, 0;
    %load/vec4 v0x22886720_0;
    %inv;
    %assign/vec4 v0x228868f0_0, 0;
    %load/vec4 v0x22886720_0;
    %assign/vec4 v0x22886830_0, 0;
    %jmp T_1.5;
T_1.4 ;
    %load/vec4 v0x228864b0_0;
    %addi 1, 0, 3;
    %assign/vec4 v0x228864b0_0, 0;
    %pushi/vec4 0, 0, 1;
    %assign/vec4 v0x228868f0_0, 0;
    %pushi/vec4 0, 0, 1;
    %assign/vec4 v0x22886830_0, 0;
T_1.5 ;
T_1.3 ;
T_1.1 ;
    %jmp T_1;
    .thread T_1;
    .scope S_0x22888f40;
T_2 ;
    %wait E_0x2284cbd0;
    %load/vec4 v0x228893f0_0;
    %flag_set/vec4 8;
    %jmp/0xz  T_2.0, 8;
    %pushi/vec4 0, 0, 8;
    %assign/vec4 v0x228896c0_0, 0;
    %jmp T_2.1;
T_2.0 ;
    %load/vec4 v0x22889330_0;
    %flag_set/vec4 8;
    %jmp/0xz  T_2.2, 8;
    %load/vec4 v0x22889a90_0;
    %assign/vec4 v0x228896c0_0, 0;
    %jmp T_2.3;
T_2.2 ;
    %load/vec4 v0x22889850_0;
    %flag_set/vec4 8;
    %jmp/0xz  T_2.4, 8;
    %load/vec4 v0x228896c0_0;
    %parti/s 7, 0, 2;
    %concati/vec4 0, 0, 1;
    %assign/vec4 v0x228896c0_0, 0;
    %jmp T_2.5;
T_2.4 ;
    %load/vec4 v0x22889780_0;
    %flag_set/vec4 8;
    %jmp/0xz  T_2.6, 8;
    %load/vec4 v0x228896c0_0;
    %parti/s 7, 0, 2;
    %load/vec4 v0x22889620_0;
    %concat/vec4; draw_concat_vec4
    %assign/vec4 v0x228896c0_0, 0;
T_2.6 ;
T_2.5 ;
T_2.3 ;
T_2.1 ;
    %jmp T_2;
    .thread T_2;
    .scope S_0x22888f40;
T_3 ;
    %wait E_0x2284cbd0;
    %load/vec4 v0x228893f0_0;
    %flag_set/vec4 8;
    %jmp/0xz  T_3.0, 8;
    %pushi/vec4 0, 0, 8;
    %assign/vec4 v0x22889560_0, 0;
    %jmp T_3.1;
T_3.0 ;
    %load/vec4 v0x22889920_0;
    %flag_set/vec4 8;
    %jmp/0xz  T_3.2, 8;
    %load/vec4 v0x228896c0_0;
    %assign/vec4 v0x22889560_0, 0;
T_3.2 ;
T_3.1 ;
    %jmp T_3;
    .thread T_3;
    .scope S_0x227f4600;
T_4 ;
    %wait E_0x2284cbd0;
    %load/vec4 v0x22845d70_0;
    %flag_set/vec4 8;
    %jmp/0xz  T_4.0, 8;
    %pushi/vec4 0, 0, 3;
    %assign/vec4 v0x2284d4d0_0, 0;
    %jmp T_4.1;
T_4.0 ;
    %load/vec4 v0x22846d40_0;
    %flag_set/vec4 8;
    %jmp/0xz  T_4.2, 8;
    %pushi/vec4 7, 0, 3;
    %assign/vec4 v0x2284d4d0_0, 0;
    %jmp T_4.3;
T_4.2 ;
    %load/vec4 v0x2284d5a0_0;
    %flag_set/vec4 9;
    %flag_get/vec4 9;
    %jmp/0 T_4.6, 9;
    %load/vec4 v0x2284d4d0_0;
    %pushi/vec4 0, 0, 3;
    %cmp/ne;
    %flag_get/vec4 4;
    %and;
T_4.6;
    %flag_set/vec4 8;
    %jmp/0xz  T_4.4, 8;
    %load/vec4 v0x2284d4d0_0;
    %subi 1, 0, 3;
    %assign/vec4 v0x2284d4d0_0, 0;
T_4.4 ;
T_4.3 ;
T_4.1 ;
    %jmp T_4;
    .thread T_4;
    .scope S_0x228855d0;
T_5 ;
    %wait E_0x2284cbd0;
    %load/vec4 v0x22885ca0_0;
    %flag_set/vec4 8;
    %jmp/0xz  T_5.0, 8;
    %pushi/vec4 0, 0, 8;
    %assign/vec4 v0x22885970_0, 0;
    %jmp T_5.1;
T_5.0 ;
    %load/vec4 v0x22885ab0_0;
    %flag_set/vec4 8;
    %jmp/0xz  T_5.2, 8;
    %load/vec4 v0x22885bc0_0;
    %assign/vec4 v0x22885970_0, 0;
    %jmp T_5.3;
T_5.2 ;
    %load/vec4 v0x22885a10_0;
    %flag_set/vec4 9;
    %flag_get/vec4 9;
    %jmp/0 T_5.6, 9;
    %load/vec4 v0x22885970_0;
    %pushi/vec4 0, 0, 8;
    %cmp/ne;
    %flag_get/vec4 4;
    %and;
T_5.6;
    %flag_set/vec4 8;
    %jmp/0xz  T_5.4, 8;
    %load/vec4 v0x22885970_0;
    %subi 1, 0, 8;
    %assign/vec4 v0x22885970_0, 0;
T_5.4 ;
T_5.3 ;
T_5.1 ;
    %jmp T_5;
    .thread T_5;
    .scope S_0x22886a70;
T_6 ;
    %wait E_0x2284cbd0;
    %load/vec4 v0x22888160_0;
    %flag_set/vec4 8;
    %jmp/0xz  T_6.0, 8;
    %pushi/vec4 1, 0, 10;
    %assign/vec4 v0x228877a0_0, 0;
    %pushi/vec4 0, 0, 1;
    %assign/vec4 v0x228878a0_0, 0;
    %pushi/vec4 0, 0, 8;
    %assign/vec4 v0x22887de0_0, 0;
    %jmp T_6.1;
T_6.0 ;
    %load/vec4 v0x228877a0_0;
    %cmpi/e 256, 0, 10;
    %jmp/1 T_6.4, 4;
    %flag_mov 8, 4;
    %load/vec4 v0x228877a0_0;
    %cmpi/e 512, 0, 10;
    %flag_or 4, 8;
T_6.4;
    %jmp/0xz  T_6.2, 4;
    %load/vec4 v0x22887de0_0;
    %addi 1, 0, 8;
    %assign/vec4 v0x22887de0_0, 0;
    %jmp T_6.3;
T_6.2 ;
    %pushi/vec4 0, 0, 8;
    %assign/vec4 v0x22887de0_0, 0;
T_6.3 ;
    %load/vec4 v0x228877a0_0;
    %dup/vec4;
    %pushi/vec4 1, 0, 10;
    %cmp/u;
    %jmp/1 T_6.5, 6;
    %dup/vec4;
    %pushi/vec4 2, 0, 10;
    %cmp/u;
    %jmp/1 T_6.6, 6;
    %dup/vec4;
    %pushi/vec4 4, 0, 10;
    %cmp/u;
    %jmp/1 T_6.7, 6;
    %dup/vec4;
    %pushi/vec4 8, 0, 10;
    %cmp/u;
    %jmp/1 T_6.8, 6;
    %dup/vec4;
    %pushi/vec4 16, 0, 10;
    %cmp/u;
    %jmp/1 T_6.9, 6;
    %dup/vec4;
    %pushi/vec4 32, 0, 10;
    %cmp/u;
    %jmp/1 T_6.10, 6;
    %dup/vec4;
    %pushi/vec4 64, 0, 10;
    %cmp/u;
    %jmp/1 T_6.11, 6;
    %dup/vec4;
    %pushi/vec4 128, 0, 10;
    %cmp/u;
    %jmp/1 T_6.12, 6;
    %dup/vec4;
    %pushi/vec4 256, 0, 10;
    %cmp/u;
    %jmp/1 T_6.13, 6;
    %dup/vec4;
    %pushi/vec4 512, 0, 10;
    %cmp/u;
    %jmp/1 T_6.14, 6;
    %pushi/vec4 1, 0, 10;
    %assign/vec4 v0x228877a0_0, 0;
    %jmp T_6.16;
T_6.5 ;
    %pushi/vec4 0, 0, 1;
    %assign/vec4 v0x228878a0_0, 0;
    %load/vec4 v0x22888870_0;
    %flag_set/vec4 8;
    %jmp/0xz  T_6.17, 8;
    %pushi/vec4 2, 0, 10;
    %assign/vec4 v0x228877a0_0, 0;
    %jmp T_6.18;
T_6.17 ;
    %pushi/vec4 1, 0, 10;
    %assign/vec4 v0x228877a0_0, 0;
T_6.18 ;
    %jmp T_6.16;
T_6.6 ;
    %load/vec4 v0x22888370_0;
    %flag_set/vec4 8;
    %jmp/0xz  T_6.19, 8;
    %pushi/vec4 4, 0, 10;
    %assign/vec4 v0x228877a0_0, 0;
    %jmp T_6.20;
T_6.19 ;
    %pushi/vec4 2, 0, 10;
    %assign/vec4 v0x228877a0_0, 0;
T_6.20 ;
    %jmp T_6.16;
T_6.7 ;
    %load/vec4 v0x22888370_0;
    %flag_set/vec4 9;
    %flag_get/vec4 9;
    %jmp/0 T_6.23, 9;
    %load/vec4 v0x228889f0_0;
    %and;
T_6.23;
    %flag_set/vec4 8;
    %jmp/0xz  T_6.21, 8;
    %pushi/vec4 8, 0, 10;
    %assign/vec4 v0x228877a0_0, 0;
    %jmp T_6.22;
T_6.21 ;
    %pushi/vec4 4, 0, 10;
    %assign/vec4 v0x228877a0_0, 0;
T_6.22 ;
    %jmp T_6.16;
T_6.8 ;
    %load/vec4 v0x22888440_0;
    %flag_set/vec4 9;
    %flag_get/vec4 9;
    %jmp/0 T_6.26, 9;
    %load/vec4 v0x228885b0_0;
    %and;
T_6.26;
    %flag_set/vec4 8;
    %jmp/0xz  T_6.24, 8;
    %pushi/vec4 1, 0, 1;
    %assign/vec4 v0x228878a0_0, 0;
T_6.24 ;
    %load/vec4 v0x22888370_0;
    %flag_set/vec4 8;
    %jmp/0xz  T_6.27, 8;
    %pushi/vec4 64, 0, 10;
    %assign/vec4 v0x228877a0_0, 0;
    %jmp T_6.28;
T_6.27 ;
    %pushi/vec4 8, 0, 10;
    %assign/vec4 v0x228877a0_0, 0;
T_6.28 ;
    %jmp T_6.16;
T_6.9 ;
    %load/vec4 v0x22888370_0;
    %flag_set/vec4 9;
    %flag_get/vec4 9;
    %jmp/0 T_6.31, 9;
    %load/vec4 v0x228889f0_0;
    %and;
T_6.31;
    %flag_set/vec4 8;
    %jmp/0xz  T_6.29, 8;
    %pushi/vec4 32, 0, 10;
    %assign/vec4 v0x228877a0_0, 0;
    %jmp T_6.30;
T_6.29 ;
    %pushi/vec4 16, 0, 10;
    %assign/vec4 v0x228877a0_0, 0;
T_6.30 ;
    %jmp T_6.16;
T_6.10 ;
    %load/vec4 v0x22888370_0;
    %flag_set/vec4 8;
    %jmp/0xz  T_6.32, 8;
    %pushi/vec4 64, 0, 10;
    %assign/vec4 v0x228877a0_0, 0;
    %jmp T_6.33;
T_6.32 ;
    %pushi/vec4 32, 0, 10;
    %assign/vec4 v0x228877a0_0, 0;
T_6.33 ;
    %jmp T_6.16;
T_6.11 ;
    %load/vec4 v0x228878a0_0;
    %flag_set/vec4 8;
    %jmp/0xz  T_6.34, 8;
    %pushi/vec4 128, 0, 10;
    %assign/vec4 v0x228877a0_0, 0;
    %jmp T_6.35;
T_6.34 ;
    %load/vec4 v0x22888ac0_0;
    %flag_set/vec4 8;
    %jmp/0xz  T_6.36, 8;
    %pushi/vec4 128, 0, 10;
    %assign/vec4 v0x228877a0_0, 0;
    %jmp T_6.37;
T_6.36 ;
    %load/vec4 v0x22888200_0;
    %flag_set/vec4 8;
    %jmp/0xz  T_6.38, 8;
    %pushi/vec4 16, 0, 10;
    %assign/vec4 v0x228877a0_0, 0;
    %jmp T_6.39;
T_6.38 ;
    %pushi/vec4 4, 0, 10;
    %assign/vec4 v0x228877a0_0, 0;
T_6.39 ;
T_6.37 ;
T_6.35 ;
    %jmp T_6.16;
T_6.12 ;
    %load/vec4 v0x22888440_0;
    %flag_set/vec4 8;
    %jmp/0xz  T_6.40, 8;
    %pushi/vec4 256, 0, 10;
    %assign/vec4 v0x228877a0_0, 0;
    %jmp T_6.41;
T_6.40 ;
    %pushi/vec4 128, 0, 10;
    %assign/vec4 v0x228877a0_0, 0;
T_6.41 ;
    %jmp T_6.16;
T_6.13 ;
    %load/vec4 v0x22887de0_0;
    %cmpi/u 125, 0, 8;
    %flag_inv 5; GE is !LT
    %jmp/0xz  T_6.42, 5;
    %pushi/vec4 512, 0, 10;
    %assign/vec4 v0x228877a0_0, 0;
    %jmp T_6.43;
T_6.42 ;
    %pushi/vec4 256, 0, 10;
    %assign/vec4 v0x228877a0_0, 0;
T_6.43 ;
    %jmp T_6.16;
T_6.14 ;
    %load/vec4 v0x22887de0_0;
    %cmpi/u 250, 0, 8;
    %flag_inv 5; GE is !LT
    %jmp/0xz  T_6.44, 5;
    %pushi/vec4 1, 0, 10;
    %assign/vec4 v0x228877a0_0, 0;
    %jmp T_6.45;
T_6.44 ;
    %pushi/vec4 512, 0, 10;
    %assign/vec4 v0x228877a0_0, 0;
T_6.45 ;
    %jmp T_6.16;
T_6.16 ;
    %pop/vec4 1;
T_6.1 ;
    %jmp T_6;
    .thread T_6;
    .scope S_0x22886a70;
T_7 ;
    %wait E_0x2286a130;
    %load/vec4 v0x228877a0_0;
    %dup/vec4;
    %pushi/vec4 1, 0, 10;
    %cmp/u;
    %jmp/1 T_7.0, 6;
    %dup/vec4;
    %pushi/vec4 2, 0, 10;
    %cmp/u;
    %jmp/1 T_7.1, 6;
    %dup/vec4;
    %pushi/vec4 4, 0, 10;
    %cmp/u;
    %jmp/1 T_7.2, 6;
    %dup/vec4;
    %pushi/vec4 8, 0, 10;
    %cmp/u;
    %jmp/1 T_7.3, 6;
    %dup/vec4;
    %pushi/vec4 16, 0, 10;
    %cmp/u;
    %jmp/1 T_7.4, 6;
    %dup/vec4;
    %pushi/vec4 32, 0, 10;
    %cmp/u;
    %jmp/1 T_7.5, 6;
    %dup/vec4;
    %pushi/vec4 64, 0, 10;
    %cmp/u;
    %jmp/1 T_7.6, 6;
    %dup/vec4;
    %pushi/vec4 128, 0, 10;
    %cmp/u;
    %jmp/1 T_7.7, 6;
    %dup/vec4;
    %pushi/vec4 256, 0, 10;
    %cmp/u;
    %jmp/1 T_7.8, 6;
    %dup/vec4;
    %pushi/vec4 512, 0, 10;
    %cmp/u;
    %jmp/1 T_7.9, 6;
    %pushi/vec4 0, 0, 1;
    %store/vec4 v0x228882a0_0, 0, 1;
    %pushi/vec4 0, 0, 1;
    %store/vec4 v0x22887f20_0, 0, 1;
    %pushi/vec4 0, 0, 1;
    %store/vec4 v0x22888650_0, 0, 1;
    %pushi/vec4 0, 0, 1;
    %store/vec4 v0x22887c70_0, 0, 1;
    %pushi/vec4 0, 0, 1;
    %store/vec4 v0x22888510_0, 0, 1;
    %pushi/vec4 0, 0, 1;
    %store/vec4 v0x22887ff0_0, 0, 1;
    %pushi/vec4 0, 0, 1;
    %store/vec4 v0x228880c0_0, 0, 1;
    %pushi/vec4 0, 0, 1;
    %store/vec4 v0x22887d10_0, 0, 1;
    %pushi/vec4 0, 0, 1;
    %store/vec4 v0x228887b0_0, 0, 1;
    %pushi/vec4 0, 0, 1;
    %store/vec4 v0x22887960_0, 0, 1;
    %pushi/vec4 0, 0, 1;
    %store/vec4 v0x228886f0_0, 0, 1;
    %pushi/vec4 0, 0, 1;
    %store/vec4 v0x22887e80_0, 0, 1;
    %pushi/vec4 0, 0, 1;
    %store/vec4 v0x22888930_0, 0, 1;
    %pushi/vec4 0, 0, 1;
    %store/vec4 v0x22887a00_0, 0, 1;
    %jmp T_7.11;
T_7.0 ;
    %pushi/vec4 0, 0, 1;
    %store/vec4 v0x228882a0_0, 0, 1;
    %pushi/vec4 0, 0, 1;
    %store/vec4 v0x22887f20_0, 0, 1;
    %pushi/vec4 1, 0, 1;
    %store/vec4 v0x22888650_0, 0, 1;
    %pushi/vec4 0, 0, 1;
    %store/vec4 v0x22887c70_0, 0, 1;
    %pushi/vec4 0, 0, 1;
    %store/vec4 v0x22888510_0, 0, 1;
    %pushi/vec4 0, 0, 1;
    %store/vec4 v0x22887ff0_0, 0, 1;
    %pushi/vec4 0, 0, 1;
    %store/vec4 v0x228880c0_0, 0, 1;
    %pushi/vec4 0, 0, 1;
    %store/vec4 v0x22887d10_0, 0, 1;
    %pushi/vec4 0, 0, 1;
    %store/vec4 v0x228887b0_0, 0, 1;
    %pushi/vec4 0, 0, 1;
    %store/vec4 v0x22887960_0, 0, 1;
    %pushi/vec4 0, 0, 1;
    %store/vec4 v0x228886f0_0, 0, 1;
    %pushi/vec4 0, 0, 1;
    %store/vec4 v0x22887e80_0, 0, 1;
    %pushi/vec4 0, 0, 1;
    %store/vec4 v0x22888930_0, 0, 1;
    %pushi/vec4 0, 0, 1;
    %store/vec4 v0x22887a00_0, 0, 1;
    %jmp T_7.11;
T_7.1 ;
    %pushi/vec4 1, 0, 1;
    %store/vec4 v0x228882a0_0, 0, 1;
    %pushi/vec4 1, 0, 1;
    %store/vec4 v0x22887f20_0, 0, 1;
    %pushi/vec4 1, 0, 1;
    %store/vec4 v0x22888650_0, 0, 1;
    %pushi/vec4 0, 0, 1;
    %store/vec4 v0x22887c70_0, 0, 1;
    %pushi/vec4 1, 0, 1;
    %store/vec4 v0x22888510_0, 0, 1;
    %pushi/vec4 1, 0, 1;
    %store/vec4 v0x22887ff0_0, 0, 1;
    %pushi/vec4 1, 0, 1;
    %store/vec4 v0x228880c0_0, 0, 1;
    %pushi/vec4 0, 0, 1;
    %store/vec4 v0x22887d10_0, 0, 1;
    %pushi/vec4 0, 0, 1;
    %store/vec4 v0x228887b0_0, 0, 1;
    %pushi/vec4 1, 0, 1;
    %store/vec4 v0x22887960_0, 0, 1;
    %pushi/vec4 0, 0, 1;
    %store/vec4 v0x228886f0_0, 0, 1;
    %pushi/vec4 0, 0, 1;
    %store/vec4 v0x22887e80_0, 0, 1;
    %pushi/vec4 0, 0, 1;
    %store/vec4 v0x22888930_0, 0, 1;
    %pushi/vec4 0, 0, 1;
    %store/vec4 v0x22887a00_0, 0, 1;
    %jmp T_7.11;
T_7.2 ;
    %pushi/vec4 1, 0, 1;
    %store/vec4 v0x228882a0_0, 0, 1;
    %pushi/vec4 0, 0, 1;
    %store/vec4 v0x22887f20_0, 0, 1;
    %pushi/vec4 0, 0, 1;
    %store/vec4 v0x22888650_0, 0, 1;
    %load/vec4 v0x22888370_0;
    %store/vec4 v0x22887c70_0, 0, 1;
    %pushi/vec4 0, 0, 1;
    %store/vec4 v0x22888510_0, 0, 1;
    %pushi/vec4 0, 0, 1;
    %store/vec4 v0x22887ff0_0, 0, 1;
    %pushi/vec4 0, 0, 1;
    %store/vec4 v0x228880c0_0, 0, 1;
    %pushi/vec4 0, 0, 1;
    %store/vec4 v0x22887d10_0, 0, 1;
    %load/vec4 v0x22888370_0;
    %store/vec4 v0x228887b0_0, 0, 1;
    %pushi/vec4 1, 0, 1;
    %store/vec4 v0x22887960_0, 0, 1;
    %pushi/vec4 0, 0, 1;
    %store/vec4 v0x228886f0_0, 0, 1;
    %pushi/vec4 0, 0, 1;
    %store/vec4 v0x22887e80_0, 0, 1;
    %pushi/vec4 0, 0, 1;
    %store/vec4 v0x22888930_0, 0, 1;
    %pushi/vec4 0, 0, 1;
    %store/vec4 v0x22887a00_0, 0, 1;
    %jmp T_7.11;
T_7.3 ;
    %pushi/vec4 1, 0, 1;
    %store/vec4 v0x228882a0_0, 0, 1;
    %pushi/vec4 0, 0, 1;
    %store/vec4 v0x22887f20_0, 0, 1;
    %pushi/vec4 1, 0, 1;
    %store/vec4 v0x22888650_0, 0, 1;
    %pushi/vec4 0, 0, 1;
    %store/vec4 v0x22887c70_0, 0, 1;
    %pushi/vec4 0, 0, 1;
    %store/vec4 v0x22888510_0, 0, 1;
    %pushi/vec4 0, 0, 1;
    %store/vec4 v0x22887ff0_0, 0, 1;
    %pushi/vec4 0, 0, 1;
    %store/vec4 v0x228880c0_0, 0, 1;
    %load/vec4 v0x22888370_0;
    %store/vec4 v0x22887d10_0, 0, 1;
    %pushi/vec4 0, 0, 1;
    %store/vec4 v0x228887b0_0, 0, 1;
    %pushi/vec4 1, 0, 1;
    %store/vec4 v0x22887960_0, 0, 1;
    %pushi/vec4 0, 0, 1;
    %store/vec4 v0x228886f0_0, 0, 1;
    %pushi/vec4 0, 0, 1;
    %store/vec4 v0x22887e80_0, 0, 1;
    %pushi/vec4 0, 0, 1;
    %store/vec4 v0x22888930_0, 0, 1;
    %pushi/vec4 0, 0, 1;
    %store/vec4 v0x22887a00_0, 0, 1;
    %jmp T_7.11;
T_7.4 ;
    %pushi/vec4 1, 0, 1;
    %store/vec4 v0x228882a0_0, 0, 1;
    %pushi/vec4 0, 0, 1;
    %store/vec4 v0x22887f20_0, 0, 1;
    %pushi/vec4 1, 0, 1;
    %store/vec4 v0x22888650_0, 0, 1;
    %load/vec4 v0x22888370_0;
    %store/vec4 v0x22887c70_0, 0, 1;
    %pushi/vec4 0, 0, 1;
    %store/vec4 v0x22888510_0, 0, 1;
    %pushi/vec4 0, 0, 1;
    %store/vec4 v0x22887ff0_0, 0, 1;
    %pushi/vec4 0, 0, 1;
    %store/vec4 v0x228880c0_0, 0, 1;
    %pushi/vec4 0, 0, 1;
    %store/vec4 v0x22887d10_0, 0, 1;
    %pushi/vec4 0, 0, 1;
    %store/vec4 v0x228887b0_0, 0, 1;
    %pushi/vec4 1, 0, 1;
    %store/vec4 v0x22887960_0, 0, 1;
    %load/vec4 v0x22888440_0;
    %store/vec4 v0x228886f0_0, 0, 1;
    %pushi/vec4 0, 0, 1;
    %store/vec4 v0x22887e80_0, 0, 1;
    %pushi/vec4 0, 0, 1;
    %store/vec4 v0x22888930_0, 0, 1;
    %pushi/vec4 0, 0, 1;
    %store/vec4 v0x22887a00_0, 0, 1;
    %jmp T_7.11;
T_7.5 ;
    %pushi/vec4 1, 0, 1;
    %store/vec4 v0x228882a0_0, 0, 1;
    %pushi/vec4 0, 0, 1;
    %store/vec4 v0x22887f20_0, 0, 1;
    %pushi/vec4 1, 0, 1;
    %store/vec4 v0x22888650_0, 0, 1;
    %pushi/vec4 0, 0, 1;
    %store/vec4 v0x22887c70_0, 0, 1;
    %load/vec4 v0x22887ac0_0;
    %cmpi/e 1, 0, 8;
    %flag_mov 8, 4;
    %jmp/0 T_7.12, 8;
    %pushi/vec4 0, 0, 1;
    %jmp/1 T_7.13, 8;
T_7.12 ; End of true expr.
    %pushi/vec4 1, 0, 1;
    %jmp/0 T_7.13, 8;
 ; End of false expr.
    %blend;
T_7.13;
    %store/vec4 v0x22888510_0, 0, 1;
    %pushi/vec4 0, 0, 1;
    %store/vec4 v0x22887ff0_0, 0, 1;
    %pushi/vec4 0, 0, 1;
    %store/vec4 v0x228880c0_0, 0, 1;
    %load/vec4 v0x22888370_0;
    %store/vec4 v0x22887d10_0, 0, 1;
    %pushi/vec4 0, 0, 1;
    %store/vec4 v0x228887b0_0, 0, 1;
    %pushi/vec4 1, 0, 1;
    %store/vec4 v0x22887960_0, 0, 1;
    %pushi/vec4 0, 0, 1;
    %store/vec4 v0x228886f0_0, 0, 1;
    %pushi/vec4 0, 0, 1;
    %store/vec4 v0x22887e80_0, 0, 1;
    %load/vec4 v0x22888440_0;
    %store/vec4 v0x22888930_0, 0, 1;
    %pushi/vec4 0, 0, 1;
    %store/vec4 v0x22887a00_0, 0, 1;
    %jmp T_7.11;
T_7.6 ;
    %pushi/vec4 1, 0, 1;
    %store/vec4 v0x228882a0_0, 0, 1;
    %pushi/vec4 1, 0, 1;
    %store/vec4 v0x22887f20_0, 0, 1;
    %pushi/vec4 1, 0, 1;
    %store/vec4 v0x22888650_0, 0, 1;
    %pushi/vec4 0, 0, 1;
    %store/vec4 v0x22887c70_0, 0, 1;
    %pushi/vec4 1, 0, 1;
    %store/vec4 v0x22888510_0, 0, 1;
    %pushi/vec4 0, 0, 1;
    %store/vec4 v0x22887ff0_0, 0, 1;
    %load/vec4 v0x22888ac0_0;
    %inv;
    %flag_set/vec4 8;
    %flag_get/vec4 8;
    %jmp/0 T_7.14, 8;
    %load/vec4 v0x22888200_0;
    %inv;
    %and;
T_7.14;
    %store/vec4 v0x228880c0_0, 0, 1;
    %pushi/vec4 0, 0, 1;
    %store/vec4 v0x22887d10_0, 0, 1;
    %pushi/vec4 0, 0, 1;
    %store/vec4 v0x228887b0_0, 0, 1;
    %pushi/vec4 1, 0, 1;
    %store/vec4 v0x22887960_0, 0, 1;
    %pushi/vec4 0, 0, 1;
    %store/vec4 v0x228886f0_0, 0, 1;
    %pushi/vec4 0, 0, 1;
    %store/vec4 v0x22887e80_0, 0, 1;
    %pushi/vec4 0, 0, 1;
    %store/vec4 v0x22888930_0, 0, 1;
    %pushi/vec4 1, 0, 1;
    %store/vec4 v0x22887a00_0, 0, 1;
    %jmp T_7.11;
T_7.7 ;
    %pushi/vec4 1, 0, 1;
    %store/vec4 v0x228882a0_0, 0, 1;
    %pushi/vec4 0, 0, 1;
    %store/vec4 v0x22887f20_0, 0, 1;
    %pushi/vec4 1, 0, 1;
    %store/vec4 v0x22888650_0, 0, 1;
    %pushi/vec4 0, 0, 1;
    %store/vec4 v0x22887c70_0, 0, 1;
    %pushi/vec4 1, 0, 1;
    %store/vec4 v0x22888510_0, 0, 1;
    %pushi/vec4 0, 0, 1;
    %store/vec4 v0x22887ff0_0, 0, 1;
    %pushi/vec4 0, 0, 1;
    %store/vec4 v0x228880c0_0, 0, 1;
    %pushi/vec4 0, 0, 1;
    %store/vec4 v0x22887d10_0, 0, 1;
    %pushi/vec4 0, 0, 1;
    %store/vec4 v0x228887b0_0, 0, 1;
    %pushi/vec4 1, 0, 1;
    %store/vec4 v0x22887960_0, 0, 1;
    %pushi/vec4 0, 0, 1;
    %store/vec4 v0x228886f0_0, 0, 1;
    %pushi/vec4 0, 0, 1;
    %store/vec4 v0x22887e80_0, 0, 1;
    %pushi/vec4 0, 0, 1;
    %store/vec4 v0x22888930_0, 0, 1;
    %pushi/vec4 0, 0, 1;
    %store/vec4 v0x22887a00_0, 0, 1;
    %jmp T_7.11;
T_7.8 ;
    %pushi/vec4 1, 0, 1;
    %store/vec4 v0x228882a0_0, 0, 1;
    %pushi/vec4 0, 0, 1;
    %store/vec4 v0x22887f20_0, 0, 1;
    %pushi/vec4 1, 0, 1;
    %store/vec4 v0x22888650_0, 0, 1;
    %pushi/vec4 0, 0, 1;
    %store/vec4 v0x22887c70_0, 0, 1;
    %pushi/vec4 1, 0, 1;
    %store/vec4 v0x22888510_0, 0, 1;
    %pushi/vec4 0, 0, 1;
    %store/vec4 v0x22887ff0_0, 0, 1;
    %pushi/vec4 0, 0, 1;
    %store/vec4 v0x228880c0_0, 0, 1;
    %pushi/vec4 0, 0, 1;
    %store/vec4 v0x22887d10_0, 0, 1;
    %pushi/vec4 0, 0, 1;
    %store/vec4 v0x228887b0_0, 0, 1;
    %pushi/vec4 1, 0, 1;
    %store/vec4 v0x22887960_0, 0, 1;
    %pushi/vec4 0, 0, 1;
    %store/vec4 v0x228886f0_0, 0, 1;
    %pushi/vec4 0, 0, 1;
    %store/vec4 v0x22887e80_0, 0, 1;
    %pushi/vec4 0, 0, 1;
    %store/vec4 v0x22888930_0, 0, 1;
    %pushi/vec4 0, 0, 1;
    %store/vec4 v0x22887a00_0, 0, 1;
    %jmp T_7.11;
T_7.9 ;
    %pushi/vec4 0, 0, 1;
    %store/vec4 v0x228882a0_0, 0, 1;
    %pushi/vec4 0, 0, 1;
    %store/vec4 v0x22887f20_0, 0, 1;
    %pushi/vec4 1, 0, 1;
    %store/vec4 v0x22888650_0, 0, 1;
    %pushi/vec4 0, 0, 1;
    %store/vec4 v0x22887c70_0, 0, 1;
    %pushi/vec4 0, 0, 1;
    %store/vec4 v0x22888510_0, 0, 1;
    %pushi/vec4 0, 0, 1;
    %store/vec4 v0x22887ff0_0, 0, 1;
    %pushi/vec4 0, 0, 1;
    %store/vec4 v0x228880c0_0, 0, 1;
    %pushi/vec4 0, 0, 1;
    %store/vec4 v0x22887d10_0, 0, 1;
    %pushi/vec4 0, 0, 1;
    %store/vec4 v0x228887b0_0, 0, 1;
    %pushi/vec4 1, 0, 1;
    %store/vec4 v0x22887960_0, 0, 1;
    %pushi/vec4 0, 0, 1;
    %store/vec4 v0x228886f0_0, 0, 1;
    %pushi/vec4 250, 0, 8;
    %load/vec4 v0x22887de0_0;
    %cmp/u;
    %flag_get/vec4 4;
    %flag_get/vec4 5;
    %or;
    %store/vec4 v0x22887e80_0, 0, 1;
    %pushi/vec4 0, 0, 1;
    %store/vec4 v0x22888930_0, 0, 1;
    %pushi/vec4 0, 0, 1;
    %store/vec4 v0x22887a00_0, 0, 1;
    %jmp T_7.11;
T_7.11 ;
    %pop/vec4 1;
    %jmp T_7;
    .thread T_7, $push;
    .scope S_0x227f11e0;
T_8 ;
    %wait E_0x2284cbd0;
    %load/vec4 v0x2288acd0_0;
    %flag_set/vec4 8;
    %jmp/0xz  T_8.0, 8;
    %pushi/vec4 1, 0, 1;
    %assign/vec4 v0x2288b3b0_0, 0;
    %pushi/vec4 1, 0, 1;
    %assign/vec4 v0x2288b590_0, 0;
    %jmp T_8.1;
T_8.0 ;
    %load/vec4 v0x22889db0_0;
    %assign/vec4 v0x2288b3b0_0, 0;
    %load/vec4 v0x2288b3b0_0;
    %assign/vec4 v0x2288b590_0, 0;
T_8.1 ;
    %jmp T_8;
    .thread T_8;
    .scope S_0x2285d0d0;
T_9 ;
    %delay 50000, 0;
    %load/vec4 v0x2288c620_0;
    %inv;
    %store/vec4 v0x2288c620_0, 0, 1;
    %jmp T_9;
    .thread T_9;
    .scope S_0x2285d0d0;
T_10 ;
    %wait E_0x2286a1d0;
    %pushi/vec4 0, 0, 32;
    %assign/vec4 v0x2288c1a0_0, 0;
    %pushi/vec4 0, 0, 8;
    %assign/vec4 v0x2288c840_0, 0;
    %pushi/vec4 0, 0, 1;
    %assign/vec4 v0x2288cdb0_0, 0;
    %pushi/vec4 0, 0, 1;
    %assign/vec4 v0x2288ce70_0, 0;
    %jmp T_10;
    .thread T_10;
    .scope S_0x2285d0d0;
T_11 ;
    %wait E_0x227d9e80;
    %load/vec4 v0x2288c280_0;
    %flag_set/vec4 8;
    %jmp/0xz  T_11.0, 8;
    %load/vec4 v0x2288c1a0_0;
    %cmpi/s 8, 0, 32;
    %jmp/0xz  T_11.2, 5;
    %load/vec4 v0x2288c840_0;
    %pad/u 32;
    %cmpi/e 0, 0, 32;
    %jmp/1 T_11.6, 4;
    %flag_mov 8, 4;
    %load/vec4 v0x2288ce70_0;
    %pad/u 32;
    %cmpi/e 0, 0, 32;
    %flag_or 4, 8;
T_11.6;
    %jmp/0xz  T_11.4, 4;
    %load/vec4 v0x2288ccd0_0;
    %parti/s 7, 0, 2;
    %load/vec4 v0x2288be60_0;
    %concat/vec4; draw_concat_vec4
    %assign/vec4 v0x2288ccd0_0, 0;
T_11.4 ;
T_11.2 ;
    %load/vec4 v0x2288c1a0_0;
    %addi 1, 0, 32;
    %assign/vec4 v0x2288c1a0_0, 0;
T_11.0 ;
    %jmp T_11;
    .thread T_11;
    .scope S_0x2285d0d0;
T_12 ;
    %wait E_0x227ef890;
    %load/vec4 v0x2288c280_0;
    %flag_set/vec4 8;
    %jmp/0xz  T_12.0, 8;
    %load/vec4 v0x2288c1a0_0;
    %cmpi/e 8, 0, 32;
    %jmp/0xz  T_12.2, 4;
    %load/vec4 v0x2288c840_0;
    %pad/u 32;
    %cmpi/e 0, 0, 32;
    %jmp/0xz  T_12.4, 4;
    %fork t_1, S_0x22845500;
    %jmp t_0;
    .scope S_0x22845500;
t_1 ;
    %pushi/vec4 1, 0, 1;
    %assign/vec4 v0x2288cdb0_0, 0;
    %load/vec4 v0x2288ccd0_0;
    %parti/s 1, 0, 2;
    %assign/vec4 v0x2288ce70_0, 0;
    %load/vec4 v0x2288ccd0_0;
    %parti/s 1, 0, 2;
    %flag_set/vec4 8;
    %jmp/0 T_12.6, 8;
    %pushi/vec4 19525, 0, 32; draw_string_vec4
    %pushi/vec4 1129600338, 0, 32; draw_string_vec4
    %concat/vec4; draw_string_vec4
    %pushi/vec4 65, 0, 8; draw_string_vec4
    %concat/vec4; draw_string_vec4
    %jmp/1 T_12.7, 8;
T_12.6 ; End of true expr.
    %pushi/vec4 1163084626, 0, 32; draw_string_vec4
    %pushi/vec4 1230263634, 0, 32; draw_string_vec4
    %concat/vec4; draw_string_vec4
    %pushi/vec4 65, 0, 8; draw_string_vec4
    %concat/vec4; draw_string_vec4
    %jmp/0 T_12.7, 8;
 ; End of false expr.
    %blend;
T_12.7;
    %vpi_call 2 105 "$display", "[TB - Esclavo] Direccion detectada: 0x%h. Modo seteado por Bus: %s", v0x2288ccd0_0, S<0,vec4,u72> {1 0 0};
    %end;
    .scope S_0x2285d0d0;
t_0 %join;
    %jmp T_12.5;
T_12.4 ;
    %load/vec4 v0x2288ce70_0;
    %pad/u 32;
    %cmpi/e 0, 0, 32;
    %jmp/0xz  T_12.8, 4;
    %fork t_3, S_0x22845f10;
    %jmp t_2;
    .scope S_0x22845f10;
t_3 ;
    %pushi/vec4 1, 0, 1;
    %assign/vec4 v0x2288cdb0_0, 0;
    %load/vec4 v0x2288c460_0;
    %pad/u 32;
    %addi 1, 0, 32;
    %vpi_call 2 109 "$display", "[TB - Esclavo] Recibido byte %0d del Maestro (Valor: 0x%h). Respondiendo con ACK.", S<0,vec4,u32>, v0x2288ccd0_0 {1 0 0};
    %end;
    .scope S_0x2285d0d0;
t_2 %join;
    %jmp T_12.9;
T_12.8 ;
    %fork t_5, S_0x22846710;
    %jmp t_4;
    .scope S_0x22846710;
t_5 ;
    %pushi/vec4 0, 0, 1;
    %assign/vec4 v0x2288cdb0_0, 0;
    %end;
    .scope S_0x2285d0d0;
t_4 %join;
T_12.9 ;
T_12.5 ;
    %jmp T_12.3;
T_12.2 ;
    %load/vec4 v0x2288c1a0_0;
    %cmpi/e 9, 0, 32;
    %jmp/0xz  T_12.10, 4;
    %pushi/vec4 0, 0, 32;
    %assign/vec4 v0x2288c1a0_0, 0;
    %load/vec4 v0x2288c840_0;
    %addi 1, 0, 8;
    %assign/vec4 v0x2288c840_0, 0;
    %load/vec4 v0x2288ce70_0;
    %pad/u 32;
    %cmpi/e 1, 0, 32;
    %jmp/0xz  T_12.12, 4;
    %load/vec4 v0x2288c840_0;
    %pad/u 32;
    %addi 1, 0, 32;
    %cmpi/e 1, 0, 32;
    %flag_mov 8, 4;
    %jmp/0 T_12.14, 8;
    %pushi/vec4 171, 0, 8;
    %jmp/1 T_12.15, 8;
T_12.14 ; End of true expr.
    %pushi/vec4 205, 0, 8;
    %jmp/0 T_12.15, 8;
 ; End of false expr.
    %blend;
T_12.15;
    %store/vec4 v0x2288c6c0_0, 0, 8;
    %load/vec4 v0x2288c6c0_0;
    %parti/s 1, 7, 4;
    %inv;
    %assign/vec4 v0x2288cdb0_0, 0;
    %jmp T_12.13;
T_12.12 ;
    %pushi/vec4 0, 0, 1;
    %assign/vec4 v0x2288cdb0_0, 0;
T_12.13 ;
    %jmp T_12.11;
T_12.10 ;
    %load/vec4 v0x2288ce70_0;
    %pad/u 32;
    %cmpi/e 1, 0, 32;
    %flag_get/vec4 4;
    %jmp/0 T_12.18, 4;
    %pushi/vec4 0, 0, 32;
    %load/vec4 v0x2288c840_0;
    %pad/u 32;
    %cmp/u;
    %flag_get/vec4 5;
    %and;
T_12.18;
    %flag_set/vec4 8;
    %jmp/0xz  T_12.16, 8;
    %load/vec4 v0x2288c1a0_0;
    %cmpi/s 8, 0, 32;
    %jmp/0xz  T_12.19, 5;
    %load/vec4 v0x2288c840_0;
    %pad/u 32;
    %cmpi/e 1, 0, 32;
    %flag_mov 8, 4;
    %jmp/0 T_12.21, 8;
    %pushi/vec4 171, 0, 8;
    %jmp/1 T_12.22, 8;
T_12.21 ; End of true expr.
    %pushi/vec4 205, 0, 8;
    %jmp/0 T_12.22, 8;
 ; End of false expr.
    %blend;
T_12.22;
    %store/vec4 v0x2288c6c0_0, 0, 8;
    %load/vec4 v0x2288c6c0_0;
    %pushi/vec4 7, 0, 32;
    %load/vec4 v0x2288c1a0_0;
    %sub;
    %part/s 1;
    %inv;
    %assign/vec4 v0x2288cdb0_0, 0;
T_12.19 ;
    %jmp T_12.17;
T_12.16 ;
    %pushi/vec4 0, 0, 1;
    %assign/vec4 v0x2288cdb0_0, 0;
T_12.17 ;
T_12.11 ;
T_12.3 ;
T_12.0 ;
    %jmp T_12;
    .thread T_12;
    .scope S_0x2285d0d0;
T_13 ;
    %wait E_0x227ef890;
    %load/vec4 v0x2288c280_0;
    %flag_set/vec4 9;
    %flag_get/vec4 9;
    %jmp/0 T_13.2, 9;
    %load/vec4 v0x2288c1a0_0;
    %pushi/vec4 8, 0, 32;
    %cmp/e;
    %flag_get/vec4 4;
    %and;
T_13.2;
    %flag_set/vec4 8;
    %jmp/0xz  T_13.0, 8;
    %load/vec4 v0x2288c840_0;
    %pad/u 32;
    %cmpi/ne 0, 0, 32;
    %jmp/0xz  T_13.3, 4;
    %load/vec4 v0x2288ce70_0;
    %pad/u 32;
    %cmpi/e 0, 0, 32;
    %jmp/0xz  T_13.5, 4;
    %load/vec4 v0x2288c460_0;
    %addi 1, 0, 8;
    %assign/vec4 v0x2288c460_0, 0;
    %jmp T_13.6;
T_13.5 ;
    %load/vec4 v0x2288c540_0;
    %addi 1, 0, 8;
    %assign/vec4 v0x2288c540_0, 0;
T_13.6 ;
T_13.3 ;
T_13.0 ;
    %jmp T_13;
    .thread T_13;
    .scope S_0x2285d0d0;
T_14 ;
    %vpi_call 2 154 "$dumpfile", "tb_TOP_I2C.vcd" {0 0 0};
    %vpi_call 2 155 "$dumpvars", 32'sb00000000000000000000000000000000, S_0x2285d0d0 {0 0 0};
    %pushi/vec4 0, 0, 1;
    %store/vec4 v0x2288c620_0, 0, 1;
    %fork TD_tb_TOP_I2C.aplicar_reset, S_0x2286b1e0;
    %join;
    %vpi_call 2 162 "$display", "\012--- Iniciando Transaccion de Escritura (2 Bytes de Datos) ---" {0 0 0};
    %pushi/vec4 3, 0, 8;
    %store/vec4 v0x2288c920_0, 0, 8;
    %pushi/vec4 0, 0, 1;
    %store/vec4 v0x2288cad0_0, 0, 1;
    %pushi/vec4 62, 0, 8;
    %store/vec4 v0x2288d020_0, 0, 8;
    %pushi/vec4 1, 0, 1;
    %store/vec4 v0x2288cf30_0, 0, 1;
    %delay 100000, 0;
    %pushi/vec4 0, 0, 1;
    %store/vec4 v0x2288cf30_0, 0, 1;
    %wait E_0x227ef3c0;
    %delay 25000, 0;
    %pushi/vec4 17, 0, 8;
    %store/vec4 v0x2288d020_0, 0, 8;
    %vpi_call 2 174 "$display", "[TB] Direccion procesada de forma segura. Cargando dato 1: 0x11" {0 0 0};
    %wait E_0x227ef3c0;
    %delay 25000, 0;
    %pushi/vec4 165, 0, 8;
    %store/vec4 v0x2288d020_0, 0, 8;
    %vpi_call 2 179 "$display", "[TB] Dato 1 procesado de forma segura. Cargando dato 2: 0xA5" {0 0 0};
    %wait E_0x227ef7f0;
    %vpi_call 2 182 "$display", "[TB] Transaccion de Escritura Finalizada de forma exitosa." {0 0 0};
    %delay 2000000, 0;
    %vpi_call 2 187 "$display", "\012--- Iniciando Transaccion de Lectura (2 Bytes de Datos) ---" {0 0 0};
    %pushi/vec4 0, 0, 8;
    %store/vec4 v0x2288c540_0, 0, 8;
    %pushi/vec4 3, 0, 8;
    %store/vec4 v0x2288c920_0, 0, 8;
    %pushi/vec4 1, 0, 1;
    %store/vec4 v0x2288cad0_0, 0, 1;
    %pushi/vec4 63, 0, 8;
    %store/vec4 v0x2288d020_0, 0, 8;
    %pushi/vec4 1, 0, 1;
    %store/vec4 v0x2288cf30_0, 0, 1;
    %delay 100000, 0;
    %pushi/vec4 0, 0, 1;
    %store/vec4 v0x2288cf30_0, 0, 1;
    %wait E_0x227ef3c0;
    %vpi_call 2 198 "$display", "[TB] Direccion de lectura validada." {0 0 0};
    %wait E_0x227ef3c0;
    %vpi_call 2 201 "$display", "[TB] Maestro capto el 1er Byte. Valor: 0x%H (Esperado: 0xAB)", v0x2288cbc0_0 {0 0 0};
    %wait E_0x227ef7f0;
    %vpi_call 2 205 "$display", "[TB] Maestro capto el 2do Byte. Valor: 0x%H (Esperado: 0xCD)", v0x2288cbc0_0 {0 0 0};
    %vpi_call 2 206 "$display", "[TB] Transaccion de Lectura Finalizada." {0 0 0};
    %delay 2000000, 0;
    %vpi_call 2 209 "$display", "\012--- Todas las pruebas terminaron satisfactoriamente ---" {0 0 0};
    %vpi_call 2 210 "$finish" {0 0 0};
    %end;
    .thread T_14;
# The file index is used to find the file name in the following table.
:file_names 9;
    "N/A";
    "<interactive>";
    "TESTBENCH.v";
    "Top_I2C.v";
    "CONTADOR_BITS.v";
    "CONTADOR_BYTES.v";
    "I2C_CLOCK_GENERATOR.v";
    "CONTROL.v";
    "SHIFT_REG.v";
# EOF
